<html>
<body>
<pre>
<h1>µVision Build Log</h1>
<h2>Tool Versions:</h2>
IDE-Version: ¶ÃVision V5.23.0.0
Copyright (C) 2017 ARM Ltd and ARM Germany GmbH. All rights reserved.
License Information: ch ch, ch, LIC=76FZ9-47057-X6PQZ-J6QKQ-JRC7U-3WX4K
 
Tool Versions:
Toolchain:       MDK-ARM Plus  Version: 5.23
Toolchain Path:  d:\Keil_v523\ARM\ARMCC\Bin
C Compiler:      Armcc.exe V5.06 update 4 (build 422)
Assembler:       Armasm.exe V5.06 update 4 (build 422)
Linker/Locator:  ArmLink.exe V5.06 update 4 (build 422)
Library Manager: ArmAr.exe V5.06 update 4 (build 422)
Hex Converter:   FromElf.exe V5.06 update 4 (build 422)
CPU DLL:         SARMCM3.DLL V5.23
Dialog DLL:      DCM.DLL V1.15.0.0
Target DLL:      Segger\JL2CM3.dll V2.99.23.0
Dialog DLL:      TCM.DLL V1.27.0.0
 
<h2>Project:</h2>
E:\–≈∫≈ª˙µ•∞Â≤‚ ‘\µ•∞Â≤‚ ‘\≥Ã–Ú\CPU\LPC\PRO\L50T-CPU.uvprojx
Project File Date:  06/15/2017

<h2>Output:</h2>
*** Using Compiler 'V5.06 update 4 (build 422)', folder: 'd:\Keil_v523\ARM\ARMCC\Bin'
Build target 'Target 1'
compiling bsp_net.c...
..\BSP\bsp.h(15): warning:  #1-D: last line of file ends without a newline
  #endif
..\BSP\bsp_net.c: 1 warning, 0 errors
compiling main.c...
..\BSP\bsp.h(15): warning:  #1-D: last line of file ends without a newline
  #endif
..\USER\main.c: 1 warning, 0 errors
linking...
Program Size: Code=924 RO-data=24420 RW-data=60 ZI-data=612  
FromELF: creating hex file...
".\Objects\L50T-CPU.axf" - 0 Error(s), 2 Warning(s).

<h2>Software Packages used:</h2>

Package Vendor: ARM
                http://www.keil.com/pack/ARM.CMSIS.5.0.1.pack
                ARM::CMSIS:CORE:5.0.1
                CMSIS (Cortex Microcontroller Software Interface Standard)
   * Component: CORE Version: 5.0.1

<h2>Collection of Component include folders:</h2>
  .\RTE\_Target_1
  d:\Keil_v523\ARM\PACK\ARM\CMSIS\5.0.1\CMSIS\Include
  d:\Keil_v523\ARM\PACK\Keil\LPC1700_DFP\2.3.0\Device\Include

<h2>Collection of Component Files used:</h2>

   * Component: ARM::CMSIS:CORE:5.0.1
Build Time Elapsed:  00:00:01
</pre>
</body>
</html>
