Component: ARM Compiler 5.06 update 4 (build 422) Tool: armlink [4d35d2]

==============================================================================

Section Cross References

    main.o(i.main) refers to system_lpc177x_8x.o(i.SystemInit) for SystemInit
    main.o(i.main) refers to delay.o(i.delay_init) for delay_init
    delay.o(i.delay_init) refers to system_lpc177x_8x.o(.data) for SystemCoreClock
    delay.o(i.delay_init) refers to delay.o(.data) for fac_us
    delay.o(i.delay_ms) refers to delay.o(.data) for fac_ms
    delay.o(i.delay_us) refers to delay.o(.data) for fac_us
    bsp_net.o(i.SPI2_ReadByte) refers to ssp.o(i.SSPReceive) for SSPReceive
    bsp_net.o(i.SPI2_WriteByte) refers to ssp.o(i.SSPSend) for SSPSend
    bsp_net.o(i.W5500_Config) refers to ssp.o(i.SSP2Init) for SSP2Init
    bsp_net.o(i.W5500_Config) refers to bsp_net.o(i.W5500_GPIO_Init) for W5500_GPIO_Init
    bsp_net.o(i.W5500_Config) refers to bsp_net.o(i.W5500_Reset) for W5500_Reset
    bsp_net.o(i.W5500_Config) refers to bsp_net.o(i.W5500_RegisterFunction) for W5500_RegisterFunction
    bsp_net.o(i.W5500_Config) refers to bsp_net.o(i.W5500_ParametersConfiguration) for W5500_ParametersConfiguration
    bsp_net.o(i.W5500_Config) refers to bsp_net.o(i.W5500_NetworkConfiguration) for W5500_NetworkConfiguration
    bsp_net.o(i.W5500_NetworkConfiguration) refers to wizchip_conf.o(i.ctlnetwork) for ctlnetwork
    bsp_net.o(i.W5500_NetworkConfiguration) refers to bsp_net.o(.data) for gWIZNETINFO
    bsp_net.o(i.W5500_ParametersConfiguration) refers to wizchip_conf.o(i.ctlwizchip) for ctlwizchip
    bsp_net.o(i.W5500_ParametersConfiguration) refers to bsp_net.o(.constdata) for .constdata
    bsp_net.o(i.W5500_RegisterFunction) refers to wizchip_conf.o(i.reg_wizchip_cris_cbfunc) for reg_wizchip_cris_cbfunc
    bsp_net.o(i.W5500_RegisterFunction) refers to wizchip_conf.o(i.reg_wizchip_cs_cbfunc) for reg_wizchip_cs_cbfunc
    bsp_net.o(i.W5500_RegisterFunction) refers to wizchip_conf.o(i.reg_wizchip_spi_cbfunc) for reg_wizchip_spi_cbfunc
    bsp_net.o(i.W5500_RegisterFunction) refers to bsp_net.o(i.SPI_CrisExit) for SPI_CrisExit
    bsp_net.o(i.W5500_RegisterFunction) refers to bsp_net.o(i.SPI_CrisEnter) for SPI_CrisEnter
    bsp_net.o(i.W5500_RegisterFunction) refers to bsp_net.o(i.SPI2_CS_Deselect) for SPI2_CS_Deselect
    bsp_net.o(i.W5500_RegisterFunction) refers to bsp_net.o(i.SPI2_CS_Select) for SPI2_CS_Select
    bsp_net.o(i.W5500_RegisterFunction) refers to bsp_net.o(i.SPI2_WriteByte) for SPI2_WriteByte
    bsp_net.o(i.W5500_RegisterFunction) refers to bsp_net.o(i.SPI2_ReadByte) for SPI2_ReadByte
    bsp_net.o(i.W5500_Reset) refers to delay.o(i.delay_ms) for delay_ms
    bsp_net.o(i.W5500_UDP_LoopBack) refers to w5500.o(i.WIZCHIP_READ) for WIZCHIP_READ
    bsp_net.o(i.W5500_UDP_LoopBack) refers to w5500.o(i.getSn_RX_RSR) for getSn_RX_RSR
    bsp_net.o(i.W5500_UDP_LoopBack) refers to h1_alloc.o(.text) for malloc
    bsp_net.o(i.W5500_UDP_LoopBack) refers to socket.o(i.recvfrom) for recvfrom
    bsp_net.o(i.W5500_UDP_LoopBack) refers to socket.o(i.sendto) for sendto
    bsp_net.o(i.W5500_UDP_LoopBack) refers to h1_free.o(.text) for free
    bsp_net.o(i.W5500_UDP_LoopBack) refers to socket.o(i.socket) for socket
    bsp_net.o(i.W5500_UDP_SocketCreat) refers to socket.o(i.socket) for socket
    bsp_net.o(i.W5500_UDP_SocketCreat) refers to w5500.o(i.WIZCHIP_READ) for WIZCHIP_READ
    w5500.o(i.WIZCHIP_READ) refers to wizchip_conf.o(.data) for WIZCHIP
    w5500.o(i.WIZCHIP_READ_BUF) refers to wizchip_conf.o(.data) for WIZCHIP
    w5500.o(i.WIZCHIP_WRITE) refers to wizchip_conf.o(.data) for WIZCHIP
    w5500.o(i.WIZCHIP_WRITE_BUF) refers to wizchip_conf.o(.data) for WIZCHIP
    w5500.o(i.getSn_RX_RSR) refers to w5500.o(i.WIZCHIP_READ) for WIZCHIP_READ
    w5500.o(i.getSn_TX_FSR) refers to w5500.o(i.WIZCHIP_READ) for WIZCHIP_READ
    w5500.o(i.wiz_recv_data) refers to w5500.o(i.WIZCHIP_READ) for WIZCHIP_READ
    w5500.o(i.wiz_recv_data) refers to w5500.o(i.WIZCHIP_READ_BUF) for WIZCHIP_READ_BUF
    w5500.o(i.wiz_recv_data) refers to w5500.o(i.WIZCHIP_WRITE) for WIZCHIP_WRITE
    w5500.o(i.wiz_recv_ignore) refers to w5500.o(i.WIZCHIP_READ) for WIZCHIP_READ
    w5500.o(i.wiz_recv_ignore) refers to w5500.o(i.WIZCHIP_WRITE) for WIZCHIP_WRITE
    w5500.o(i.wiz_send_data) refers to w5500.o(i.WIZCHIP_READ) for WIZCHIP_READ
    w5500.o(i.wiz_send_data) refers to w5500.o(i.WIZCHIP_WRITE_BUF) for WIZCHIP_WRITE_BUF
    w5500.o(i.wiz_send_data) refers to w5500.o(i.WIZCHIP_WRITE) for WIZCHIP_WRITE
    socket.o(i.close) refers to w5500.o(i.WIZCHIP_WRITE) for WIZCHIP_WRITE
    socket.o(i.close) refers to w5500.o(i.WIZCHIP_READ) for WIZCHIP_READ
    socket.o(i.close) refers to socket.o(.data) for sock_io_mode
    socket.o(i.close) refers to socket.o(.bss) for sock_remained_size
    socket.o(i.connect) refers to w5500.o(i.WIZCHIP_READ) for WIZCHIP_READ
    socket.o(i.connect) refers to w5500.o(i.WIZCHIP_WRITE_BUF) for WIZCHIP_WRITE_BUF
    socket.o(i.connect) refers to w5500.o(i.WIZCHIP_WRITE) for WIZCHIP_WRITE
    socket.o(i.connect) refers to socket.o(.data) for sock_io_mode
    socket.o(i.ctlsocket) refers to w5500.o(i.WIZCHIP_READ) for WIZCHIP_READ
    socket.o(i.ctlsocket) refers to w5500.o(i.WIZCHIP_WRITE) for WIZCHIP_WRITE
    socket.o(i.ctlsocket) refers to socket.o(.data) for sock_io_mode
    socket.o(i.disconnect) refers to w5500.o(i.WIZCHIP_READ) for WIZCHIP_READ
    socket.o(i.disconnect) refers to w5500.o(i.WIZCHIP_WRITE) for WIZCHIP_WRITE
    socket.o(i.disconnect) refers to socket.o(i.close) for close
    socket.o(i.disconnect) refers to socket.o(.data) for sock_is_sending
    socket.o(i.getsockopt) refers to w5500.o(i.WIZCHIP_READ) for WIZCHIP_READ
    socket.o(i.getsockopt) refers to w5500.o(i.WIZCHIP_READ_BUF) for WIZCHIP_READ_BUF
    socket.o(i.getsockopt) refers to w5500.o(i.getSn_TX_FSR) for getSn_TX_FSR
    socket.o(i.getsockopt) refers to w5500.o(i.getSn_RX_RSR) for getSn_RX_RSR
    socket.o(i.getsockopt) refers to socket.o(.bss) for sock_remained_size
    socket.o(i.getsockopt) refers to socket.o(.data) for sock_pack_info
    socket.o(i.listen) refers to w5500.o(i.WIZCHIP_READ) for WIZCHIP_READ
    socket.o(i.listen) refers to w5500.o(i.WIZCHIP_WRITE) for WIZCHIP_WRITE
    socket.o(i.listen) refers to socket.o(i.close) for close
    socket.o(i.recv) refers to w5500.o(i.WIZCHIP_READ) for WIZCHIP_READ
    socket.o(i.recv) refers to w5500.o(i.getSn_RX_RSR) for getSn_RX_RSR
    socket.o(i.recv) refers to w5500.o(i.getSn_TX_FSR) for getSn_TX_FSR
    socket.o(i.recv) refers to socket.o(i.close) for close
    socket.o(i.recv) refers to w5500.o(i.wiz_recv_data) for wiz_recv_data
    socket.o(i.recv) refers to w5500.o(i.WIZCHIP_WRITE) for WIZCHIP_WRITE
    socket.o(i.recv) refers to socket.o(.data) for sock_io_mode
    socket.o(i.recvfrom) refers to w5500.o(i.WIZCHIP_READ) for WIZCHIP_READ
    socket.o(i.recvfrom) refers to w5500.o(i.getSn_RX_RSR) for getSn_RX_RSR
    socket.o(i.recvfrom) refers to w5500.o(i.wiz_recv_data) for wiz_recv_data
    socket.o(i.recvfrom) refers to w5500.o(i.WIZCHIP_WRITE) for WIZCHIP_WRITE
    socket.o(i.recvfrom) refers to socket.o(i.close) for close
    socket.o(i.recvfrom) refers to w5500.o(i.wiz_recv_ignore) for wiz_recv_ignore
    socket.o(i.recvfrom) refers to socket.o(.bss) for sock_remained_size
    socket.o(i.recvfrom) refers to socket.o(.data) for sock_io_mode
    socket.o(i.send) refers to w5500.o(i.WIZCHIP_READ) for WIZCHIP_READ
    socket.o(i.send) refers to w5500.o(i.WIZCHIP_WRITE) for WIZCHIP_WRITE
    socket.o(i.send) refers to socket.o(i.close) for close
    socket.o(i.send) refers to w5500.o(i.getSn_TX_FSR) for getSn_TX_FSR
    socket.o(i.send) refers to w5500.o(i.wiz_send_data) for wiz_send_data
    socket.o(i.send) refers to socket.o(.data) for sock_is_sending
    socket.o(i.sendto) refers to w5500.o(i.WIZCHIP_READ) for WIZCHIP_READ
    socket.o(i.sendto) refers to w5500.o(i.WIZCHIP_WRITE_BUF) for WIZCHIP_WRITE_BUF
    socket.o(i.sendto) refers to w5500.o(i.WIZCHIP_WRITE) for WIZCHIP_WRITE
    socket.o(i.sendto) refers to w5500.o(i.getSn_TX_FSR) for getSn_TX_FSR
    socket.o(i.sendto) refers to w5500.o(i.wiz_send_data) for wiz_send_data
    socket.o(i.sendto) refers to socket.o(.data) for sock_io_mode
    socket.o(i.setsockopt) refers to w5500.o(i.WIZCHIP_WRITE) for WIZCHIP_WRITE
    socket.o(i.setsockopt) refers to w5500.o(i.WIZCHIP_WRITE_BUF) for WIZCHIP_WRITE_BUF
    socket.o(i.setsockopt) refers to w5500.o(i.WIZCHIP_READ) for WIZCHIP_READ
    socket.o(i.socket) refers to w5500.o(i.WIZCHIP_READ_BUF) for WIZCHIP_READ_BUF
    socket.o(i.socket) refers to socket.o(i.close) for close
    socket.o(i.socket) refers to w5500.o(i.WIZCHIP_WRITE) for WIZCHIP_WRITE
    socket.o(i.socket) refers to w5500.o(i.WIZCHIP_READ) for WIZCHIP_READ
    socket.o(i.socket) refers to socket.o(.data) for sock_any_port
    socket.o(i.socket) refers to socket.o(.bss) for sock_remained_size
    wizchip_conf.o(i.ctlnetwork) refers to wizchip_conf.o(i.wizchip_setnetinfo) for wizchip_setnetinfo
    wizchip_conf.o(i.ctlnetwork) refers to wizchip_conf.o(i.wizchip_getnetinfo) for wizchip_getnetinfo
    wizchip_conf.o(i.ctlnetwork) refers to wizchip_conf.o(i.wizchip_setnetmode) for wizchip_setnetmode
    wizchip_conf.o(i.ctlnetwork) refers to wizchip_conf.o(i.wizchip_getnetmode) for wizchip_getnetmode
    wizchip_conf.o(i.ctlnetwork) refers to wizchip_conf.o(i.wizchip_settimeout) for wizchip_settimeout
    wizchip_conf.o(i.ctlnetwork) refers to wizchip_conf.o(i.wizchip_gettimeout) for wizchip_gettimeout
    wizchip_conf.o(i.ctlwizchip) refers to wizchip_conf.o(i.wizchip_sw_reset) for wizchip_sw_reset
    wizchip_conf.o(i.ctlwizchip) refers to wizchip_conf.o(i.wizchip_init) for wizchip_init
    wizchip_conf.o(i.ctlwizchip) refers to wizchip_conf.o(i.wizchip_clrinterrupt) for wizchip_clrinterrupt
    wizchip_conf.o(i.ctlwizchip) refers to wizchip_conf.o(i.wizchip_getinterrupt) for wizchip_getinterrupt
    wizchip_conf.o(i.ctlwizchip) refers to wizchip_conf.o(i.wizchip_setinterruptmask) for wizchip_setinterruptmask
    wizchip_conf.o(i.ctlwizchip) refers to wizchip_conf.o(i.wizchip_getinterruptmask) for wizchip_getinterruptmask
    wizchip_conf.o(i.ctlwizchip) refers to w5500.o(i.WIZCHIP_WRITE) for WIZCHIP_WRITE
    wizchip_conf.o(i.ctlwizchip) refers to w5500.o(i.WIZCHIP_READ) for WIZCHIP_READ
    wizchip_conf.o(i.ctlwizchip) refers to wizchip_conf.o(i.wizphy_reset) for wizphy_reset
    wizchip_conf.o(i.ctlwizchip) refers to wizchip_conf.o(i.wizphy_setphyconf) for wizphy_setphyconf
    wizchip_conf.o(i.ctlwizchip) refers to wizchip_conf.o(i.wizphy_getphyconf) for wizphy_getphyconf
    wizchip_conf.o(i.ctlwizchip) refers to wizchip_conf.o(i.wizphy_setphypmode) for wizphy_setphypmode
    wizchip_conf.o(i.ctlwizchip) refers to wizchip_conf.o(i.wizphy_getphypmode) for wizphy_getphypmode
    wizchip_conf.o(i.ctlwizchip) refers to wizchip_conf.o(i.wizphy_getphylink) for wizphy_getphylink
    wizchip_conf.o(i.ctlwizchip) refers to wizchip_conf.o(.data) for WIZCHIP
    wizchip_conf.o(i.reg_wizchip_bus_cbfunc) refers to wizchip_conf.o(.data) for WIZCHIP
    wizchip_conf.o(i.reg_wizchip_bus_cbfunc) refers to wizchip_conf.o(i.wizchip_bus_readdata) for wizchip_bus_readdata
    wizchip_conf.o(i.reg_wizchip_bus_cbfunc) refers to wizchip_conf.o(i.wizchip_bus_writedata) for wizchip_bus_writedata
    wizchip_conf.o(i.reg_wizchip_cris_cbfunc) refers to wizchip_conf.o(i.wizchip_cris_enter) for wizchip_cris_enter
    wizchip_conf.o(i.reg_wizchip_cris_cbfunc) refers to wizchip_conf.o(.data) for WIZCHIP
    wizchip_conf.o(i.reg_wizchip_cris_cbfunc) refers to wizchip_conf.o(i.wizchip_cris_exit) for wizchip_cris_exit
    wizchip_conf.o(i.reg_wizchip_cs_cbfunc) refers to wizchip_conf.o(i.wizchip_cs_select) for wizchip_cs_select
    wizchip_conf.o(i.reg_wizchip_cs_cbfunc) refers to wizchip_conf.o(.data) for WIZCHIP
    wizchip_conf.o(i.reg_wizchip_cs_cbfunc) refers to wizchip_conf.o(i.wizchip_cs_deselect) for wizchip_cs_deselect
    wizchip_conf.o(i.reg_wizchip_spi_cbfunc) refers to wizchip_conf.o(.data) for WIZCHIP
    wizchip_conf.o(i.reg_wizchip_spi_cbfunc) refers to wizchip_conf.o(i.wizchip_spi_readbyte) for wizchip_spi_readbyte
    wizchip_conf.o(i.reg_wizchip_spi_cbfunc) refers to wizchip_conf.o(i.wizchip_spi_writebyte) for wizchip_spi_writebyte
    wizchip_conf.o(i.reg_wizchip_spiburst_cbfunc) refers to wizchip_conf.o(.data) for WIZCHIP
    wizchip_conf.o(i.reg_wizchip_spiburst_cbfunc) refers to wizchip_conf.o(i.wizchip_spi_readburst) for wizchip_spi_readburst
    wizchip_conf.o(i.reg_wizchip_spiburst_cbfunc) refers to wizchip_conf.o(i.wizchip_spi_writeburst) for wizchip_spi_writeburst
    wizchip_conf.o(i.wizchip_clrinterrupt) refers to w5500.o(i.WIZCHIP_WRITE) for WIZCHIP_WRITE
    wizchip_conf.o(i.wizchip_getinterrupt) refers to w5500.o(i.WIZCHIP_READ) for WIZCHIP_READ
    wizchip_conf.o(i.wizchip_getinterruptmask) refers to w5500.o(i.WIZCHIP_READ) for WIZCHIP_READ
    wizchip_conf.o(i.wizchip_getnetinfo) refers to w5500.o(i.WIZCHIP_READ_BUF) for WIZCHIP_READ_BUF
    wizchip_conf.o(i.wizchip_getnetinfo) refers to wizchip_conf.o(.data) for _DNS_
    wizchip_conf.o(i.wizchip_getnetmode) refers to w5500.o(i.WIZCHIP_READ) for WIZCHIP_READ
    wizchip_conf.o(i.wizchip_gettimeout) refers to w5500.o(i.WIZCHIP_READ) for WIZCHIP_READ
    wizchip_conf.o(i.wizchip_init) refers to wizchip_conf.o(i.wizchip_sw_reset) for wizchip_sw_reset
    wizchip_conf.o(i.wizchip_init) refers to w5500.o(i.WIZCHIP_WRITE) for WIZCHIP_WRITE
    wizchip_conf.o(i.wizchip_setinterruptmask) refers to w5500.o(i.WIZCHIP_WRITE) for WIZCHIP_WRITE
    wizchip_conf.o(i.wizchip_setnetinfo) refers to w5500.o(i.WIZCHIP_WRITE_BUF) for WIZCHIP_WRITE_BUF
    wizchip_conf.o(i.wizchip_setnetinfo) refers to wizchip_conf.o(.data) for _DNS_
    wizchip_conf.o(i.wizchip_setnetmode) refers to w5500.o(i.WIZCHIP_READ) for WIZCHIP_READ
    wizchip_conf.o(i.wizchip_setnetmode) refers to w5500.o(i.WIZCHIP_WRITE) for WIZCHIP_WRITE
    wizchip_conf.o(i.wizchip_settimeout) refers to w5500.o(i.WIZCHIP_WRITE) for WIZCHIP_WRITE
    wizchip_conf.o(i.wizchip_sw_reset) refers to w5500.o(i.WIZCHIP_READ_BUF) for WIZCHIP_READ_BUF
    wizchip_conf.o(i.wizchip_sw_reset) refers to w5500.o(i.WIZCHIP_WRITE) for WIZCHIP_WRITE
    wizchip_conf.o(i.wizchip_sw_reset) refers to w5500.o(i.WIZCHIP_READ) for WIZCHIP_READ
    wizchip_conf.o(i.wizchip_sw_reset) refers to w5500.o(i.WIZCHIP_WRITE_BUF) for WIZCHIP_WRITE_BUF
    wizchip_conf.o(i.wizphy_getphyconf) refers to w5500.o(i.WIZCHIP_READ) for WIZCHIP_READ
    wizchip_conf.o(i.wizphy_getphylink) refers to w5500.o(i.WIZCHIP_READ) for WIZCHIP_READ
    wizchip_conf.o(i.wizphy_getphypmode) refers to w5500.o(i.WIZCHIP_READ) for WIZCHIP_READ
    wizchip_conf.o(i.wizphy_getphystat) refers to w5500.o(i.WIZCHIP_READ) for WIZCHIP_READ
    wizchip_conf.o(i.wizphy_reset) refers to w5500.o(i.WIZCHIP_READ) for WIZCHIP_READ
    wizchip_conf.o(i.wizphy_reset) refers to w5500.o(i.WIZCHIP_WRITE) for WIZCHIP_WRITE
    wizchip_conf.o(i.wizphy_setphyconf) refers to w5500.o(i.WIZCHIP_WRITE) for WIZCHIP_WRITE
    wizchip_conf.o(i.wizphy_setphyconf) refers to wizchip_conf.o(i.wizphy_reset) for wizphy_reset
    wizchip_conf.o(i.wizphy_setphypmode) refers to w5500.o(i.WIZCHIP_READ) for WIZCHIP_READ
    wizchip_conf.o(i.wizphy_setphypmode) refers to w5500.o(i.WIZCHIP_WRITE) for WIZCHIP_WRITE
    wizchip_conf.o(i.wizphy_setphypmode) refers to wizchip_conf.o(i.wizphy_reset) for wizphy_reset
    wizchip_conf.o(.data) refers to wizchip_conf.o(i.wizchip_cris_enter) for wizchip_cris_enter
    wizchip_conf.o(.data) refers to wizchip_conf.o(i.wizchip_cris_exit) for wizchip_cris_exit
    wizchip_conf.o(.data) refers to wizchip_conf.o(i.wizchip_cs_select) for wizchip_cs_select
    wizchip_conf.o(.data) refers to wizchip_conf.o(i.wizchip_cs_deselect) for wizchip_cs_deselect
    wizchip_conf.o(.data) refers to wizchip_conf.o(i.wizchip_bus_readdata) for wizchip_bus_readdata
    wizchip_conf.o(.data) refers to wizchip_conf.o(i.wizchip_bus_writedata) for wizchip_bus_writedata
    ssp.o(i.SSP0Init) refers to ssp.o(i.SSP_SSELSetDirection) for SSP_SSELSetDirection
    ssp.o(i.SSP0Init) refers to ssp.o(i.NVIC_EnableIRQ) for NVIC_EnableIRQ
    ssp.o(i.SSP0_IRQHandler) refers to ssp.o(.data) for interrupt0OverRunStat
    ssp.o(i.SSP1Init) refers to ssp.o(i.NVIC_EnableIRQ) for NVIC_EnableIRQ
    ssp.o(i.SSP1_IRQHandler) refers to ssp.o(.data) for interrupt1OverRunStat
    ssp.o(i.SSP2Init) refers to ssp.o(i.NVIC_EnableIRQ) for NVIC_EnableIRQ
    ssp.o(i.SSP2_IRQHandler) refers to ssp.o(.data) for interrupt2OverRunStat
    system_lpc177x_8x.o(i.SystemCoreClockUpdate) refers to system_lpc177x_8x.o(.data) for SystemCoreClock
    startup_lpc177x_8x.o(STACK) refers (Special) to heapauxi.o(.text) for __use_two_region_memory
    startup_lpc177x_8x.o(HEAP) refers (Special) to heapauxi.o(.text) for __use_two_region_memory
    startup_lpc177x_8x.o(RESET) refers (Special) to heapauxi.o(.text) for __use_two_region_memory
    startup_lpc177x_8x.o(RESET) refers to startup_lpc177x_8x.o(STACK) for __initial_sp
    startup_lpc177x_8x.o(RESET) refers to startup_lpc177x_8x.o(.text) for Reset_Handler
    startup_lpc177x_8x.o(RESET) refers to ssp.o(i.SSP0_IRQHandler) for SSP0_IRQHandler
    startup_lpc177x_8x.o(RESET) refers to ssp.o(i.SSP1_IRQHandler) for SSP1_IRQHandler
    startup_lpc177x_8x.o(RESET) refers to ssp.o(i.SSP2_IRQHandler) for SSP2_IRQHandler
    startup_lpc177x_8x.o(.ARM.__at_0x62FC) refers (Special) to heapauxi.o(.text) for __use_two_region_memory
    startup_lpc177x_8x.o(.text) refers (Special) to heapauxi.o(.text) for __use_two_region_memory
    startup_lpc177x_8x.o(.text) refers to __main.o(!!!main) for __main
    startup_lpc177x_8x.o(.text) refers to startup_lpc177x_8x.o(HEAP) for Heap_Mem
    startup_lpc177x_8x.o(.text) refers to startup_lpc177x_8x.o(STACK) for Stack_Mem
    malloc.o(.text) refers (Special) to hguard.o(.text) for __heap$guard
    malloc.o(.text) refers (Special) to init_alloc.o(.text) for _init_alloc
    malloc.o(.text) refers to rt_heap_descriptor_intlibspace.o(.text) for __rt_heap_descriptor
    malloc.o(.text) refers to heapstubs.o(.text) for __Heap_Alloc
    free.o(.text) refers (Special) to hguard.o(.text) for __heap$guard
    free.o(.text) refers to rt_heap_descriptor_intlibspace.o(.text) for __rt_heap_descriptor
    free.o(.text) refers to heapstubs.o(.text) for __Heap_Free
    h1_alloc.o(.text) refers (Special) to h1_init.o(.text) for __Heap_Initialize
    h1_alloc.o(.text) refers to rt_heap_descriptor_intlibspace.o(.text) for __rt_heap_descriptor
    h1_alloc.o(.text) refers to init_alloc.o(.text) for __Heap_Full
    h1_free.o(.text) refers to rt_heap_descriptor_intlibspace.o(.text) for __rt_heap_descriptor
    h1_alloc_mt.o(.text) refers (Special) to h1_init.o(.text) for __Heap_Initialize
    h1_alloc_mt.o(.text) refers to init_alloc.o(.text) for __Heap_Full
    h1_alloc_mt.o(.text) refers to rt_heap_descriptor_intlibspace.o(.text) for __rt_heap_descriptor
    h1_free_mt.o(.text) refers to rt_heap_descriptor_intlibspace.o(.text) for __rt_heap_descriptor
    heap2.o(i._FDIterate) refers to heap2.o(.conststring) for .conststring
    heap2.o(i.___Heap_ProvideMemory$realtime) refers to fdtree.o(i._FDTree_Delete) for _FDTree_Delete
    heap2.o(i.___Heap_ProvideMemory$realtime) refers to fdtree.o(i._FDTree_Insert) for _FDTree_Insert
    heap2.o(i.___Heap_Stats$realtime) refers to heap2.o(i._Heap2_StatsIterate) for _Heap2_StatsIterate
    heap2.o(i.___Heap_Valid$realtime) refers to heap2.o(i._FDIterate) for _FDIterate
    heap2.o(i.___Heap_Valid$realtime) refers to heap2.o(.conststring) for .conststring
    heap2.o(i._free$realtime) refers to rt_heap_descriptor_intlibspace.o(.text) for __rt_heap_descriptor
    heap2.o(i._free$realtime) refers to fdtree.o(i._FDTree_Delete) for _FDTree_Delete
    heap2.o(i._free$realtime) refers to fdtree.o(i._FDTree_Insert) for _FDTree_Insert
    heap2.o(i._malloc$realtime) refers to rt_heap_descriptor_intlibspace.o(.text) for __rt_heap_descriptor
    heap2.o(i._malloc$realtime) refers to fdtree.o(i._FDTree_FindFirst) for _FDTree_FindFirst
    heap2.o(i._malloc$realtime) refers to init_alloc.o(.text) for __Heap_Full
    heap2.o(i._malloc$realtime) refers to fdtree.o(i._FDTree_RemoveNode) for _FDTree_RemoveNode
    heap2.o(i._malloc$realtime) refers to fdtree.o(i._FDTree_Insert) for _FDTree_Insert
    heap2.o(i._posix_memalign$realtime) refers to rt_heap_descriptor_intlibspace.o(.text) for __rt_heap_descriptor
    heap2.o(i._posix_memalign$realtime) refers to fdtree.o(i._FDTree_FindFirst) for _FDTree_FindFirst
    heap2.o(i._posix_memalign$realtime) refers to init_alloc.o(.text) for __Heap_Full
    heap2.o(i._posix_memalign$realtime) refers to fdtree.o(i._FDTree_RemoveNode) for _FDTree_RemoveNode
    heap2.o(i._posix_memalign$realtime) refers to fdtree.o(i._FDTree_Insert) for _FDTree_Insert
    heap2.o(i._realloc$realtime) refers to rt_heap_descriptor_intlibspace.o(.text) for __rt_heap_descriptor
    heap2.o(i._realloc$realtime) refers to fdtree.o(i._FDTree_Insert) for _FDTree_Insert
    heap2.o(i._realloc$realtime) refers to h1_free.o(.text) for free
    heap2.o(i._realloc$realtime) refers to h1_alloc.o(.text) for malloc
    heap2.o(i._realloc$realtime) refers to fdtree.o(i._FDTree_Delete) for _FDTree_Delete
    heap2.o(i._realloc$realtime) refers to rt_memcpy_w.o(.text) for __aeabi_memcpy4
    heap2mt.o(i._FDIterate) refers to heap2mt.o(.conststring) for .conststring
    heap2mt.o(i.___Heap_Initialize$realtime$concurrent) refers to mutex_dummy.o(.text) for _mutex_initialize
    heap2mt.o(i.___Heap_ProvideMemory$realtime$concurrent) refers to fdtree.o(i._FDTree_Delete) for _FDTree_Delete
    heap2mt.o(i.___Heap_ProvideMemory$realtime$concurrent) refers to fdtree.o(i._FDTree_Insert) for _FDTree_Insert
    heap2mt.o(i.___Heap_Stats$realtime$concurrent) refers to heap2mt.o(i._Heap2_StatsIterate) for _Heap2_StatsIterate
    heap2mt.o(i.___Heap_Valid$realtime$concurrent) refers to heap2mt.o(i._FDIterate) for _FDIterate
    heap2mt.o(i.___Heap_Valid$realtime$concurrent) refers to heap2mt.o(.conststring) for .conststring
    heap2mt.o(i._free$realtime$concurrent) refers to rt_heap_descriptor_intlibspace.o(.text) for __rt_heap_descriptor
    heap2mt.o(i._free$realtime$concurrent) refers to fdtree.o(i._FDTree_Delete) for _FDTree_Delete
    heap2mt.o(i._free$realtime$concurrent) refers to fdtree.o(i._FDTree_Insert) for _FDTree_Insert
    heap2mt.o(i._malloc$realtime$concurrent) refers to rt_heap_descriptor_intlibspace.o(.text) for __rt_heap_descriptor
    heap2mt.o(i._malloc$realtime$concurrent) refers to fdtree.o(i._FDTree_FindFirst) for _FDTree_FindFirst
    heap2mt.o(i._malloc$realtime$concurrent) refers to init_alloc.o(.text) for __Heap_Full
    heap2mt.o(i._malloc$realtime$concurrent) refers to fdtree.o(i._FDTree_RemoveNode) for _FDTree_RemoveNode
    heap2mt.o(i._malloc$realtime$concurrent) refers to fdtree.o(i._FDTree_Insert) for _FDTree_Insert
    heap2mt.o(i._posix_memalign$realtime$concurrent) refers to rt_heap_descriptor_intlibspace.o(.text) for __rt_heap_descriptor
    heap2mt.o(i._posix_memalign$realtime$concurrent) refers to fdtree.o(i._FDTree_FindFirst) for _FDTree_FindFirst
    heap2mt.o(i._posix_memalign$realtime$concurrent) refers to init_alloc.o(.text) for __Heap_Full
    heap2mt.o(i._posix_memalign$realtime$concurrent) refers to fdtree.o(i._FDTree_RemoveNode) for _FDTree_RemoveNode
    heap2mt.o(i._posix_memalign$realtime$concurrent) refers to fdtree.o(i._FDTree_Insert) for _FDTree_Insert
    heap2mt.o(i._realloc$realtime$concurrent) refers to rt_heap_descriptor_intlibspace.o(.text) for __rt_heap_descriptor
    heap2mt.o(i._realloc$realtime$concurrent) refers to fdtree.o(i._FDTree_Insert) for _FDTree_Insert
    heap2mt.o(i._realloc$realtime$concurrent) refers to h1_free.o(.text) for free
    heap2mt.o(i._realloc$realtime$concurrent) refers to h1_alloc.o(.text) for malloc
    heap2mt.o(i._realloc$realtime$concurrent) refers to fdtree.o(i._FDTree_Delete) for _FDTree_Delete
    heap2mt.o(i._realloc$realtime$concurrent) refers to rt_memcpy_w.o(.text) for __aeabi_memcpy4
    __main.o(!!!main) refers to __rtentry.o(.ARM.Collect$$rtentry$$00000000) for __rt_entry
    __rtentry.o(.ARM.Collect$$rtentry$$00000000) refers (Special) to __rtentry2.o(.ARM.Collect$$rtentry$$0000000A) for __rt_entry_li
    __rtentry.o(.ARM.Collect$$rtentry$$00000000) refers (Special) to __rtentry2.o(.ARM.Collect$$rtentry$$0000000D) for __rt_entry_main
    __rtentry.o(.ARM.Collect$$rtentry$$00000000) refers (Special) to __rtentry2.o(.ARM.Collect$$rtentry$$0000000C) for __rt_entry_postli_1
    __rtentry.o(.ARM.Collect$$rtentry$$00000000) refers (Special) to __rtentry2.o(.ARM.Collect$$rtentry$$00000009) for __rt_entry_postsh_1
    __rtentry.o(.ARM.Collect$$rtentry$$00000000) refers (Special) to __rtentry2.o(.ARM.Collect$$rtentry$$00000002) for __rt_entry_presh_1
    __rtentry.o(.ARM.Collect$$rtentry$$00000000) refers (Special) to __rtentry4.o(.ARM.Collect$$rtentry$$00000004) for __rt_entry_sh
    rt_heap_descriptor.o(.text) refers to rt_heap_descriptor.o(.bss) for __rt_heap_descriptor_data
    rt_heap_descriptor_intlibspace.o(.text) refers to libspace.o(.bss) for __libspace_start
    init_alloc.o(.text) refers (Special) to hguard.o(.text) for __heap$guard
    init_alloc.o(.text) refers (Special) to libinit2.o(.ARM.Collect$$libinit$$00000005) for __rt_lib_init_heap_2
    init_alloc.o(.text) refers (Special) to maybetermalloc1.o(.emb_text) for _maybe_terminate_alloc
    init_alloc.o(.text) refers to h1_extend.o(.text) for __Heap_ProvideMemory
    init_alloc.o(.text) refers to defsig_rtmem_outer.o(.text) for __rt_SIGRTMEM
    init_alloc.o(.text) refers to rt_heap_descriptor_intlibspace.o(.text) for __rt_heap_descriptor
    init_alloc.o(.text) refers to h1_init.o(.text) for __Heap_Initialize
    h1_init_mt.o(.text) refers to mutex_dummy.o(.text) for _mutex_initialize
    _get_argv.o(.text) refers (Special) to hrguard.o(.text) for __heap_region$guard
    _get_argv.o(.text) refers to h1_alloc.o(.text) for malloc
    _get_argv.o(.text) refers to defsig_rtmem_outer.o(.text) for __rt_SIGRTMEM
    _get_argv.o(.text) refers to sys_command.o(.text) for _sys_command_string
    libinit2.o(.ARM.Collect$$libinit$$00000005) refers (Weak) to init_alloc.o(.text) for _init_alloc
    libinit2.o(.ARM.Collect$$libinit$$00000010) refers to libinit2.o(.ARM.Collect$$libinit$$0000000F) for .ARM.Collect$$libinit$$0000000F
    libinit2.o(.ARM.Collect$$libinit$$00000012) refers to libinit2.o(.ARM.Collect$$libinit$$0000000F) for .ARM.Collect$$libinit$$0000000F
    libinit2.o(.ARM.Collect$$libinit$$00000014) refers to libinit2.o(.ARM.Collect$$libinit$$0000000F) for .ARM.Collect$$libinit$$0000000F
    libinit2.o(.ARM.Collect$$libinit$$00000016) refers to libinit2.o(.ARM.Collect$$libinit$$0000000F) for .ARM.Collect$$libinit$$0000000F
    libinit2.o(.ARM.Collect$$libinit$$00000018) refers to libinit2.o(.ARM.Collect$$libinit$$0000000F) for .ARM.Collect$$libinit$$0000000F
    libinit2.o(.ARM.Collect$$libinit$$00000026) refers to argv_veneer.o(.emb_text) for __ARM_argv_veneer
    libinit2.o(.ARM.Collect$$libinit$$00000027) refers to argv_veneer.o(.emb_text) for __ARM_argv_veneer
    sys_command.o(.text) refers (Special) to use_no_semi.o(.text) for __I$use$semihosting
    sys_command.o(.text) refers (Special) to indicate_semi.o(.text) for __semihosting_library_function
    libspace.o(.text) refers to libspace.o(.bss) for __libspace_start
    __rtentry2.o(.ARM.Collect$$rtentry$$00000008) refers to boardinit2.o(.text) for _platform_post_stackheap_init
    __rtentry2.o(.ARM.Collect$$rtentry$$0000000A) refers to libinit.o(.ARM.Collect$$libinit$$00000000) for __rt_lib_init
    __rtentry2.o(.ARM.Collect$$rtentry$$0000000B) refers to boardinit3.o(.text) for _platform_post_lib_init
    __rtentry2.o(.ARM.Collect$$rtentry$$0000000D) refers to main.o(i.main) for main
    __rtentry2.o(.ARM.Collect$$rtentry$$0000000D) refers to exit.o(.text) for exit
    __rtentry2.o(.ARM.exidx) refers to __rtentry2.o(.ARM.Collect$$rtentry$$00000001) for .ARM.Collect$$rtentry$$00000001
    __rtentry2.o(.ARM.exidx) refers to __rtentry2.o(.ARM.Collect$$rtentry$$00000008) for .ARM.Collect$$rtentry$$00000008
    __rtentry2.o(.ARM.exidx) refers to __rtentry2.o(.ARM.Collect$$rtentry$$0000000A) for .ARM.Collect$$rtentry$$0000000A
    __rtentry2.o(.ARM.exidx) refers to __rtentry2.o(.ARM.Collect$$rtentry$$0000000B) for .ARM.Collect$$rtentry$$0000000B
    __rtentry2.o(.ARM.exidx) refers to __rtentry2.o(.ARM.Collect$$rtentry$$0000000D) for .ARM.Collect$$rtentry$$0000000D
    __rtentry4.o(.ARM.Collect$$rtentry$$00000004) refers to sys_stackheap_outer.o(.text) for __user_setup_stackheap
    __rtentry4.o(.ARM.exidx) refers to __rtentry4.o(.ARM.Collect$$rtentry$$00000004) for .ARM.Collect$$rtentry$$00000004
    maybetermalloc2.o(.emb_text) refers (Special) to term_alloc.o(.text) for _terminate_alloc
    h1_extend.o(.text) refers to h1_free.o(.text) for free
    h1_extend_mt.o(.text) refers to h1_free_mt.o(.text) for _free_internal
    defsig_rtmem_outer.o(.text) refers to defsig_rtmem_inner.o(.text) for __rt_SIGRTMEM_inner
    defsig_rtmem_outer.o(.text) refers to defsig_exit.o(.text) for __sig_exit
    defsig_rtmem_formal.o(.text) refers to rt_raise.o(.text) for __rt_raise
    heapauxa.o(.text) refers to heapauxa.o(.data) for .data
    argv_veneer.o(.emb_text) refers to no_argv.o(.text) for __ARM_get_argv
    sys_stackheap_outer.o(.text) refers to libspace.o(.text) for __user_perproc_libspace
    sys_stackheap_outer.o(.text) refers to startup_lpc177x_8x.o(.text) for __user_initial_stackheap
    rt_raise.o(.text) refers to __raise.o(.text) for __raise
    rt_raise.o(.text) refers to sys_exit.o(.text) for _sys_exit
    term_alloc.o(.text) refers (Special) to libshutdown2.o(.ARM.Collect$$libshutdown$$0000000E) for __rt_lib_shutdown_heap_2
    term_alloc.o(.text) refers to rt_heap_descriptor_intlibspace.o(.text) for __rt_heap_descriptor
    term_alloc.o(.text) refers to h1_final.o(.text) for __Heap_Finalize
    exit.o(.text) refers to rtexit.o(.ARM.Collect$$rtexit$$00000000) for __rt_exit
    defsig_exit.o(.text) refers to sys_exit.o(.text) for _sys_exit
    defsig_rtmem_inner.o(.text) refers to defsig_general.o(.text) for __default_signal_display
    _get_argv_nomalloc.o(.text) refers (Special) to hrguard.o(.text) for __heap_region$guard
    _get_argv_nomalloc.o(.text) refers to defsig_rtmem_outer.o(.text) for __rt_SIGRTMEM
    _get_argv_nomalloc.o(.text) refers to sys_command.o(.text) for _sys_command_string
    libinit.o(.ARM.Collect$$libinit$$00000000) refers (Special) to libinit2.o(.ARM.Collect$$libinit$$0000002E) for __rt_lib_init_alloca_1
    libinit.o(.ARM.Collect$$libinit$$00000000) refers (Special) to libinit2.o(.ARM.Collect$$libinit$$0000002C) for __rt_lib_init_argv_1
    libinit.o(.ARM.Collect$$libinit$$00000000) refers (Special) to libinit2.o(.ARM.Collect$$libinit$$0000001B) for __rt_lib_init_atexit_1
    libinit.o(.ARM.Collect$$libinit$$00000000) refers (Special) to libinit2.o(.ARM.Collect$$libinit$$00000021) for __rt_lib_init_clock_1
    libinit.o(.ARM.Collect$$libinit$$00000000) refers (Special) to libinit2.o(.ARM.Collect$$libinit$$00000032) for __rt_lib_init_cpp_1
    libinit.o(.ARM.Collect$$libinit$$00000000) refers (Special) to libinit2.o(.ARM.Collect$$libinit$$00000030) for __rt_lib_init_exceptions_1
    libinit.o(.ARM.Collect$$libinit$$00000000) refers (Special) to libinit2.o(.ARM.Collect$$libinit$$00000002) for __rt_lib_init_fp_1
    libinit.o(.ARM.Collect$$libinit$$00000000) refers (Special) to libinit2.o(.ARM.Collect$$libinit$$0000001F) for __rt_lib_init_fp_trap_1
    libinit.o(.ARM.Collect$$libinit$$00000000) refers (Special) to libinit2.o(.ARM.Collect$$libinit$$00000023) for __rt_lib_init_getenv_1
    libinit.o(.ARM.Collect$$libinit$$00000000) refers (Special) to libinit2.o(.ARM.Collect$$libinit$$0000000A) for __rt_lib_init_heap_1
    libinit.o(.ARM.Collect$$libinit$$00000000) refers (Special) to libinit2.o(.ARM.Collect$$libinit$$00000011) for __rt_lib_init_lc_collate_1
    libinit.o(.ARM.Collect$$libinit$$00000000) refers (Special) to libinit2.o(.ARM.Collect$$libinit$$00000013) for __rt_lib_init_lc_ctype_1
    libinit.o(.ARM.Collect$$libinit$$00000000) refers (Special) to libinit2.o(.ARM.Collect$$libinit$$00000015) for __rt_lib_init_lc_monetary_1
    libinit.o(.ARM.Collect$$libinit$$00000000) refers (Special) to libinit2.o(.ARM.Collect$$libinit$$00000017) for __rt_lib_init_lc_numeric_1
    libinit.o(.ARM.Collect$$libinit$$00000000) refers (Special) to libinit2.o(.ARM.Collect$$libinit$$00000019) for __rt_lib_init_lc_time_1
    libinit.o(.ARM.Collect$$libinit$$00000000) refers (Special) to libinit2.o(.ARM.Collect$$libinit$$00000004) for __rt_lib_init_preinit_1
    libinit.o(.ARM.Collect$$libinit$$00000000) refers (Special) to libinit2.o(.ARM.Collect$$libinit$$0000000E) for __rt_lib_init_rand_1
    libinit.o(.ARM.Collect$$libinit$$00000000) refers (Special) to libinit2.o(.ARM.Collect$$libinit$$00000033) for __rt_lib_init_return
    libinit.o(.ARM.Collect$$libinit$$00000000) refers (Special) to libinit2.o(.ARM.Collect$$libinit$$0000001D) for __rt_lib_init_signal_1
    libinit.o(.ARM.Collect$$libinit$$00000000) refers (Special) to libinit2.o(.ARM.Collect$$libinit$$00000025) for __rt_lib_init_stdio_1
    libinit.o(.ARM.Collect$$libinit$$00000000) refers (Special) to libinit2.o(.ARM.Collect$$libinit$$0000000C) for __rt_lib_init_user_alloc_1
    sys_exit.o(.text) refers (Special) to use_no_semi.o(.text) for __I$use$semihosting
    sys_exit.o(.text) refers (Special) to indicate_semi.o(.text) for __semihosting_library_function
    rtexit.o(.ARM.Collect$$rtexit$$00000000) refers (Special) to rtexit2.o(.ARM.Collect$$rtexit$$00000004) for __rt_exit_exit
    rtexit.o(.ARM.Collect$$rtexit$$00000000) refers (Special) to rtexit2.o(.ARM.Collect$$rtexit$$00000003) for __rt_exit_ls
    rtexit.o(.ARM.Collect$$rtexit$$00000000) refers (Special) to rtexit2.o(.ARM.Collect$$rtexit$$00000002) for __rt_exit_prels_1
    rtexit.o(.ARM.exidx) refers (Special) to rtexit2.o(.ARM.Collect$$rtexit$$00000004) for __rt_exit_exit
    rtexit.o(.ARM.exidx) refers (Special) to rtexit2.o(.ARM.Collect$$rtexit$$00000003) for __rt_exit_ls
    rtexit.o(.ARM.exidx) refers (Special) to rtexit2.o(.ARM.Collect$$rtexit$$00000002) for __rt_exit_prels_1
    rtexit.o(.ARM.exidx) refers to rtexit.o(.ARM.Collect$$rtexit$$00000000) for .ARM.Collect$$rtexit$$00000000
    __raise.o(.text) refers to defsig.o(CL$$defsig) for __default_signal_handler
    defsig_general.o(.text) refers to sys_wrch.o(.text) for _ttywrch
    libshutdown2.o(.ARM.Collect$$libshutdown$$0000000D) refers (Weak) to term_alloc.o(.text) for _terminate_alloc
    sys_wrch.o(.text) refers (Special) to use_no_semi.o(.text) for __I$use$semihosting
    sys_wrch.o(.text) refers (Special) to indicate_semi.o(.text) for __semihosting_library_function
    rtexit2.o(.ARM.Collect$$rtexit$$00000003) refers to libshutdown.o(.ARM.Collect$$libshutdown$$00000000) for __rt_lib_shutdown
    rtexit2.o(.ARM.Collect$$rtexit$$00000004) refers to sys_exit.o(.text) for _sys_exit
    rtexit2.o(.ARM.exidx) refers to rtexit2.o(.ARM.Collect$$rtexit$$00000001) for .ARM.Collect$$rtexit$$00000001
    rtexit2.o(.ARM.exidx) refers to rtexit2.o(.ARM.Collect$$rtexit$$00000003) for .ARM.Collect$$rtexit$$00000003
    rtexit2.o(.ARM.exidx) refers to rtexit2.o(.ARM.Collect$$rtexit$$00000004) for .ARM.Collect$$rtexit$$00000004
    defsig.o(CL$$defsig) refers to defsig_rtmem_inner.o(.text) for __rt_SIGRTMEM_inner
    defsig_abrt_inner.o(.text) refers to defsig_general.o(.text) for __default_signal_display
    defsig_fpe_inner.o(.text) refers to defsig_general.o(.text) for __default_signal_display
    defsig_rtred_inner.o(.text) refers to defsig_general.o(.text) for __default_signal_display
    defsig_stak_inner.o(.text) refers to defsig_general.o(.text) for __default_signal_display
    defsig_pvfn_inner.o(.text) refers to defsig_general.o(.text) for __default_signal_display
    defsig_cppl_inner.o(.text) refers to defsig_general.o(.text) for __default_signal_display
    defsig_segv_inner.o(.text) refers to defsig_general.o(.text) for __default_signal_display
    defsig_other.o(.text) refers to defsig_general.o(.text) for __default_signal_display
    libshutdown.o(.ARM.Collect$$libshutdown$$00000000) refers (Special) to libshutdown2.o(.ARM.Collect$$libshutdown$$00000002) for __rt_lib_shutdown_cpp_1
    libshutdown.o(.ARM.Collect$$libshutdown$$00000000) refers (Special) to libshutdown2.o(.ARM.Collect$$libshutdown$$00000007) for __rt_lib_shutdown_fp_trap_1
    libshutdown.o(.ARM.Collect$$libshutdown$$00000000) refers (Special) to libshutdown2.o(.ARM.Collect$$libshutdown$$0000000F) for __rt_lib_shutdown_heap_1
    libshutdown.o(.ARM.Collect$$libshutdown$$00000000) refers (Special) to libshutdown2.o(.ARM.Collect$$libshutdown$$00000010) for __rt_lib_shutdown_return
    libshutdown.o(.ARM.Collect$$libshutdown$$00000000) refers (Special) to libshutdown2.o(.ARM.Collect$$libshutdown$$0000000A) for __rt_lib_shutdown_signal_1
    libshutdown.o(.ARM.Collect$$libshutdown$$00000000) refers (Special) to libshutdown2.o(.ARM.Collect$$libshutdown$$00000004) for __rt_lib_shutdown_stdio_1
    libshutdown.o(.ARM.Collect$$libshutdown$$00000000) refers (Special) to libshutdown2.o(.ARM.Collect$$libshutdown$$0000000C) for __rt_lib_shutdown_user_alloc_1


==============================================================================

Removing Unused input sections from the image.

    Removing main.o(.emb_text), (8 bytes).
    Removing sys.o(.emb_text), (8 bytes).
    Removing sys.o(i.NVIC_GroupingConfiguration), (40 bytes).
    Removing delay.o(.emb_text), (8 bytes).
    Removing delay.o(i.delay_ms), (100 bytes).
    Removing delay.o(i.delay_us), (80 bytes).
    Removing bsp_net.o(.emb_text), (8 bytes).
    Removing bsp_net.o(i.SPI2_CS_Deselect), (20 bytes).
    Removing bsp_net.o(i.SPI2_CS_Select), (20 bytes).
    Removing bsp_net.o(i.SPI2_ReadByte), (18 bytes).
    Removing bsp_net.o(i.SPI2_WriteByte), (14 bytes).
    Removing bsp_net.o(i.SPI_CrisEnter), (4 bytes).
    Removing bsp_net.o(i.SPI_CrisExit), (4 bytes).
    Removing bsp_net.o(i.W5500_Config), (30 bytes).
    Removing bsp_net.o(i.W5500_GPIO_Init), (56 bytes).
    Removing bsp_net.o(i.W5500_NetworkConfiguration), (16 bytes).
    Removing bsp_net.o(i.W5500_ParametersConfiguration), (56 bytes).
    Removing bsp_net.o(i.W5500_RegisterFunction), (52 bytes).
    Removing bsp_net.o(i.W5500_Reset), (52 bytes).
    Removing bsp_net.o(i.W5500_UDP_LoopBack), (178 bytes).
    Removing bsp_net.o(i.W5500_UDP_SocketCreat), (42 bytes).
    Removing bsp_net.o(.bss), (10 bytes).
    Removing bsp_net.o(.constdata), (16 bytes).
    Removing bsp_net.o(.data), (39 bytes).
    Removing w5500.o(i.WIZCHIP_READ), (116 bytes).
    Removing w5500.o(i.WIZCHIP_READ_BUF), (140 bytes).
    Removing w5500.o(i.WIZCHIP_WRITE), (116 bytes).
    Removing w5500.o(i.WIZCHIP_WRITE_BUF), (136 bytes).
    Removing w5500.o(i.getSn_RX_RSR), (108 bytes).
    Removing w5500.o(i.getSn_TX_FSR), (108 bytes).
    Removing w5500.o(i.wiz_recv_data), (132 bytes).
    Removing w5500.o(i.wiz_recv_ignore), (102 bytes).
    Removing w5500.o(i.wiz_send_data), (132 bytes).
    Removing socket.o(i.close), (160 bytes).
    Removing socket.o(i.connect), (348 bytes).
    Removing socket.o(i.ctlsocket), (300 bytes).
    Removing socket.o(i.disconnect), (188 bytes).
    Removing socket.o(i.getsockopt), (416 bytes).
    Removing socket.o(i.listen), (158 bytes).
    Removing socket.o(i.recv), (288 bytes).
    Removing socket.o(i.recvfrom), (620 bytes).
    Removing socket.o(i.send), (384 bytes).
    Removing socket.o(i.sendto), (520 bytes).
    Removing socket.o(i.setsockopt), (398 bytes).
    Removing socket.o(i.socket), (400 bytes).
    Removing socket.o(.bss), (16 bytes).
    Removing socket.o(.data), (14 bytes).
    Removing wizchip_conf.o(i.ctlnetwork), (80 bytes).
    Removing wizchip_conf.o(i.ctlwizchip), (280 bytes).
    Removing wizchip_conf.o(i.reg_wizchip_bus_cbfunc), (52 bytes).
    Removing wizchip_conf.o(i.reg_wizchip_cris_cbfunc), (40 bytes).
    Removing wizchip_conf.o(i.reg_wizchip_cs_cbfunc), (40 bytes).
    Removing wizchip_conf.o(i.reg_wizchip_spi_cbfunc), (52 bytes).
    Removing wizchip_conf.o(i.reg_wizchip_spiburst_cbfunc), (52 bytes).
    Removing wizchip_conf.o(i.wizchip_bus_readdata), (6 bytes).
    Removing wizchip_conf.o(i.wizchip_bus_writedata), (4 bytes).
    Removing wizchip_conf.o(i.wizchip_clrinterrupt), (32 bytes).
    Removing wizchip_conf.o(i.wizchip_cris_enter), (2 bytes).
    Removing wizchip_conf.o(i.wizchip_cris_exit), (2 bytes).
    Removing wizchip_conf.o(i.wizchip_cs_deselect), (2 bytes).
    Removing wizchip_conf.o(i.wizchip_cs_select), (2 bytes).
    Removing wizchip_conf.o(i.wizchip_getinterrupt), (42 bytes).
    Removing wizchip_conf.o(i.wizchip_getinterruptmask), (40 bytes).
    Removing wizchip_conf.o(i.wizchip_getnetinfo), (92 bytes).
    Removing wizchip_conf.o(i.wizchip_getnetmode), (10 bytes).
    Removing wizchip_conf.o(i.wizchip_gettimeout), (40 bytes).
    Removing wizchip_conf.o(i.wizchip_init), (144 bytes).
    Removing wizchip_conf.o(i.wizchip_setinterruptmask), (30 bytes).
    Removing wizchip_conf.o(i.wizchip_setnetinfo), (88 bytes).
    Removing wizchip_conf.o(i.wizchip_setnetmode), (38 bytes).
    Removing wizchip_conf.o(i.wizchip_settimeout), (38 bytes).
    Removing wizchip_conf.o(i.wizchip_spi_readburst), (2 bytes).
    Removing wizchip_conf.o(i.wizchip_spi_readbyte), (4 bytes).
    Removing wizchip_conf.o(i.wizchip_spi_writeburst), (2 bytes).
    Removing wizchip_conf.o(i.wizchip_spi_writebyte), (2 bytes).
    Removing wizchip_conf.o(i.wizchip_sw_reset), (114 bytes).
    Removing wizchip_conf.o(i.wizphy_getphyconf), (120 bytes).
    Removing wizchip_conf.o(i.wizphy_getphylink), (26 bytes).
    Removing wizchip_conf.o(i.wizphy_getphypmode), (28 bytes).
    Removing wizchip_conf.o(i.wizphy_getphystat), (28 bytes).
    Removing wizchip_conf.o(i.wizphy_reset), (52 bytes).
    Removing wizchip_conf.o(i.wizphy_setphyconf), (88 bytes).
    Removing wizchip_conf.o(i.wizphy_setphypmode), (100 bytes).
    Removing wizchip_conf.o(.data), (45 bytes).
    Removing ssp.o(.emb_text), (8 bytes).
    Removing ssp.o(i.NVIC_EnableIRQ), (22 bytes).
    Removing ssp.o(i.SSP0Init), (576 bytes).
    Removing ssp.o(i.SSP1Init), (528 bytes).
    Removing ssp.o(i.SSP2Init), (348 bytes).
    Removing ssp.o(i.SSPReceive), (124 bytes).
    Removing ssp.o(i.SSPSend), (172 bytes).
    Removing ssp.o(i.SSP_SSELSetDirection), (480 bytes).
    Removing ssp.o(i.SSP_SSELToggle), (384 bytes).
    Removing system_lpc177x_8x.o(.emb_text), (8 bytes).
    Removing system_lpc177x_8x.o(i.SystemCoreClockUpdate), (700 bytes).

95 unused section(s) (total 11348 bytes) removed from the image.

==============================================================================

Image Symbol Table

    Local Symbols

    Symbol Name                              Value     Ov Type        Size  Object(Section)

    RESET                                    0x00000000   Section      228  startup_lpc177x_8x.o(RESET)
    ../clib/angel/boardlib.s                 0x00000000   Number         0  boardinit1.o ABSOLUTE
    ../clib/angel/boardlib.s                 0x00000000   Number         0  boardinit2.o ABSOLUTE
    ../clib/angel/boardlib.s                 0x00000000   Number         0  boardshut.o ABSOLUTE
    ../clib/angel/boardlib.s                 0x00000000   Number         0  boardinit3.o ABSOLUTE
    ../clib/angel/handlers.s                 0x00000000   Number         0  __scatter_copy.o ABSOLUTE
    ../clib/angel/handlers.s                 0x00000000   Number         0  __scatter_zi.o ABSOLUTE
    ../clib/angel/kernel.s                   0x00000000   Number         0  __rtentry.o ABSOLUTE
    ../clib/angel/kernel.s                   0x00000000   Number         0  rtexit2.o ABSOLUTE
    ../clib/angel/kernel.s                   0x00000000   Number         0  __rtentry2.o ABSOLUTE
    ../clib/angel/kernel.s                   0x00000000   Number         0  __rtentry4.o ABSOLUTE
    ../clib/angel/kernel.s                   0x00000000   Number         0  rtexit.o ABSOLUTE
    ../clib/angel/rt.s                       0x00000000   Number         0  rt_raise.o ABSOLUTE
    ../clib/angel/rt.s                       0x00000000   Number         0  rt_heap_descriptor.o ABSOLUTE
    ../clib/angel/rt.s                       0x00000000   Number         0  rt_heap_descriptor_intlibspace.o ABSOLUTE
    ../clib/angel/scatter.s                  0x00000000   Number         0  __scatter.o ABSOLUTE
    ../clib/angel/startup.s                  0x00000000   Number         0  __main.o ABSOLUTE
    ../clib/angel/sys.s                      0x00000000   Number         0  use_no_semi.o ABSOLUTE
    ../clib/angel/sys.s                      0x00000000   Number         0  indicate_semi.o ABSOLUTE
    ../clib/angel/sys.s                      0x00000000   Number         0  sys_stackheap_outer.o ABSOLUTE
    ../clib/angel/sys.s                      0x00000000   Number         0  libspace.o ABSOLUTE
    ../clib/angel/sys.s                      0x00000000   Number         0  mutex_dummy.o ABSOLUTE
    ../clib/angel/sysapp.c                   0x00000000   Number         0  sys_exit.o ABSOLUTE
    ../clib/angel/sysapp.c                   0x00000000   Number         0  sys_command.o ABSOLUTE
    ../clib/angel/sysapp.c                   0x00000000   Number         0  sys_wrch.o ABSOLUTE
    ../clib/armsys.c                         0x00000000   Number         0  argv_veneer.o ABSOLUTE
    ../clib/armsys.c                         0x00000000   Number         0  no_argv.o ABSOLUTE
    ../clib/armsys.c                         0x00000000   Number         0  _get_argv_nomalloc.o ABSOLUTE
    ../clib/armsys.c                         0x00000000   Number         0  argv_veneer.o ABSOLUTE
    ../clib/armsys.c                         0x00000000   Number         0  _get_argv.o ABSOLUTE
    ../clib/heap1.c                          0x00000000   Number         0  h1_extend.o ABSOLUTE
    ../clib/heap1.c                          0x00000000   Number         0  h1_final.o ABSOLUTE
    ../clib/heap1.c                          0x00000000   Number         0  h1_final_mt.o ABSOLUTE
    ../clib/heap1.c                          0x00000000   Number         0  h1_extend_mt.o ABSOLUTE
    ../clib/heap1.c                          0x00000000   Number         0  h1_init_mt.o ABSOLUTE
    ../clib/heap1.c                          0x00000000   Number         0  h1_init.o ABSOLUTE
    ../clib/heap1.c                          0x00000000   Number         0  h1_free.o ABSOLUTE
    ../clib/heap1.c                          0x00000000   Number         0  h1_alloc.o ABSOLUTE
    ../clib/heap1.c                          0x00000000   Number         0  h1_alloc_mt.o ABSOLUTE
    ../clib/heap1.c                          0x00000000   Number         0  h1_free_mt.o ABSOLUTE
    ../clib/heap2.c                          0x00000000   Number         0  heap2.o ABSOLUTE
    ../clib/heap2.c                          0x00000000   Number         0  heap2mt.o ABSOLUTE
    ../clib/heap2.c                          0x00000000   Number         0  fdtree.o ABSOLUTE
    ../clib/heapalloc.c                      0x00000000   Number         0  maybetermalloc2.o ABSOLUTE
    ../clib/heapalloc.c                      0x00000000   Number         0  maybetermalloc1.o ABSOLUTE
    ../clib/heapalloc.c                      0x00000000   Number         0  maybetermalloc1.o ABSOLUTE
    ../clib/heapalloc.c                      0x00000000   Number         0  hrguard.o ABSOLUTE
    ../clib/heapalloc.c                      0x00000000   Number         0  free.o ABSOLUTE
    ../clib/heapalloc.c                      0x00000000   Number         0  term_alloc.o ABSOLUTE
    ../clib/heapalloc.c                      0x00000000   Number         0  maybetermalloc2.o ABSOLUTE
    ../clib/heapalloc.c                      0x00000000   Number         0  hguard.o ABSOLUTE
    ../clib/heapalloc.c                      0x00000000   Number         0  init_alloc.o ABSOLUTE
    ../clib/heapalloc.c                      0x00000000   Number         0  heapstubs.o ABSOLUTE
    ../clib/heapalloc.c                      0x00000000   Number         0  malloc.o ABSOLUTE
    ../clib/heapaux.c                        0x00000000   Number         0  heapauxa.o ABSOLUTE
    ../clib/heapaux.c                        0x00000000   Number         0  heapauxi.o ABSOLUTE
    ../clib/libinit.s                        0x00000000   Number         0  libinit.o ABSOLUTE
    ../clib/libinit.s                        0x00000000   Number         0  libinit2.o ABSOLUTE
    ../clib/libinit.s                        0x00000000   Number         0  libshutdown2.o ABSOLUTE
    ../clib/libinit.s                        0x00000000   Number         0  libshutdown.o ABSOLUTE
    ../clib/memcpset.s                       0x00000000   Number         0  rt_memcpy_w.o ABSOLUTE
    ../clib/signal.c                         0x00000000   Number         0  defsig_rtred_inner.o ABSOLUTE
    ../clib/signal.c                         0x00000000   Number         0  defsig_pvfn_inner.o ABSOLUTE
    ../clib/signal.c                         0x00000000   Number         0  defsig_exit.o ABSOLUTE
    ../clib/signal.c                         0x00000000   Number         0  defsig_rtmem_inner.o ABSOLUTE
    ../clib/signal.c                         0x00000000   Number         0  defsig_rtmem_formal.o ABSOLUTE
    ../clib/signal.c                         0x00000000   Number         0  __raise.o ABSOLUTE
    ../clib/signal.c                         0x00000000   Number         0  defsig_rtmem_outer.o ABSOLUTE
    ../clib/signal.c                         0x00000000   Number         0  defsig_abrt_inner.o ABSOLUTE
    ../clib/signal.c                         0x00000000   Number         0  defsig_fpe_inner.o ABSOLUTE
    ../clib/signal.c                         0x00000000   Number         0  defsig_stak_inner.o ABSOLUTE
    ../clib/signal.c                         0x00000000   Number         0  defsig_cppl_inner.o ABSOLUTE
    ../clib/signal.c                         0x00000000   Number         0  defsig_segv_inner.o ABSOLUTE
    ../clib/signal.c                         0x00000000   Number         0  defsig_other.o ABSOLUTE
    ../clib/signal.c                         0x00000000   Number         0  defsig_general.o ABSOLUTE
    ../clib/signal.s                         0x00000000   Number         0  defsig.o ABSOLUTE
    ../clib/stdlib.c                         0x00000000   Number         0  exit.o ABSOLUTE
    ../fplib/fpinit.s                        0x00000000   Number         0  fpinit.o ABSOLUTE
    ..\BSP\bsp_net.c                         0x00000000   Number         0  bsp_net.o ABSOLUTE
    ..\CMSIS\CM3\CoreSupport\core_cm3.c      0x00000000   Number         0  core_cm3.o ABSOLUTE
    ..\CMSIS\CM3\DeviceSupport\NXP\LPC17xx\system_LPC177x_8x.c 0x00000000   Number         0  system_lpc177x_8x.o ABSOLUTE
    ..\Driver\ssp.c                          0x00000000   Number         0  ssp.o ABSOLUTE
    ..\Ethernet\W5500\w5500.c                0x00000000   Number         0  w5500.o ABSOLUTE
    ..\Ethernet\socket.c                     0x00000000   Number         0  socket.o ABSOLUTE
    ..\Ethernet\wizchip_conf.c               0x00000000   Number         0  wizchip_conf.o ABSOLUTE
    ..\STARTCODE\startup_LPC177x_8x.s        0x00000000   Number         0  startup_lpc177x_8x.o ABSOLUTE
    ..\USER\delay.c                          0x00000000   Number         0  delay.o ABSOLUTE
    ..\USER\main.c                           0x00000000   Number         0  main.o ABSOLUTE
    ..\USER\sys.c                            0x00000000   Number         0  sys.o ABSOLUTE
    ..\\BSP\\bsp_net.c                       0x00000000   Number         0  bsp_net.o ABSOLUTE
    ..\\CMSIS\\CM3\\DeviceSupport\\NXP\\LPC17xx\\system_LPC177x_8x.c 0x00000000   Number         0  system_lpc177x_8x.o ABSOLUTE
    ..\\Driver\\ssp.c                        0x00000000   Number         0  ssp.o ABSOLUTE
    ..\\USER\\delay.c                        0x00000000   Number         0  delay.o ABSOLUTE
    ..\\USER\\main.c                         0x00000000   Number         0  main.o ABSOLUTE
    ..\\USER\\sys.c                          0x00000000   Number         0  sys.o ABSOLUTE
    dc.s                                     0x00000000   Number         0  dc.o ABSOLUTE
    !!!main                                  0x000000e4   Section        8  __main.o(!!!main)
    !!!scatter                               0x000000ec   Section       52  __scatter.o(!!!scatter)
    !!handler_copy                           0x00000120   Section       26  __scatter_copy.o(!!handler_copy)
    !!handler_zi                             0x0000013c   Section       28  __scatter_zi.o(!!handler_zi)
    .ARM.Collect$$libinit$$00000000          0x00000158   Section        2  libinit.o(.ARM.Collect$$libinit$$00000000)
    .ARM.Collect$$libinit$$00000002          0x0000015a   Section        0  libinit2.o(.ARM.Collect$$libinit$$00000002)
    .ARM.Collect$$libinit$$00000004          0x0000015a   Section        0  libinit2.o(.ARM.Collect$$libinit$$00000004)
    .ARM.Collect$$libinit$$0000000A          0x0000015a   Section        0  libinit2.o(.ARM.Collect$$libinit$$0000000A)
    .ARM.Collect$$libinit$$0000000C          0x0000015a   Section        0  libinit2.o(.ARM.Collect$$libinit$$0000000C)
    .ARM.Collect$$libinit$$0000000E          0x0000015a   Section        0  libinit2.o(.ARM.Collect$$libinit$$0000000E)
    .ARM.Collect$$libinit$$00000011          0x0000015a   Section        0  libinit2.o(.ARM.Collect$$libinit$$00000011)
    .ARM.Collect$$libinit$$00000013          0x0000015a   Section        0  libinit2.o(.ARM.Collect$$libinit$$00000013)
    .ARM.Collect$$libinit$$00000015          0x0000015a   Section        0  libinit2.o(.ARM.Collect$$libinit$$00000015)
    .ARM.Collect$$libinit$$00000017          0x0000015a   Section        0  libinit2.o(.ARM.Collect$$libinit$$00000017)
    .ARM.Collect$$libinit$$00000019          0x0000015a   Section        0  libinit2.o(.ARM.Collect$$libinit$$00000019)
    .ARM.Collect$$libinit$$0000001B          0x0000015a   Section        0  libinit2.o(.ARM.Collect$$libinit$$0000001B)
    .ARM.Collect$$libinit$$0000001D          0x0000015a   Section        0  libinit2.o(.ARM.Collect$$libinit$$0000001D)
    .ARM.Collect$$libinit$$0000001F          0x0000015a   Section        0  libinit2.o(.ARM.Collect$$libinit$$0000001F)
    .ARM.Collect$$libinit$$00000021          0x0000015a   Section        0  libinit2.o(.ARM.Collect$$libinit$$00000021)
    .ARM.Collect$$libinit$$00000023          0x0000015a   Section        0  libinit2.o(.ARM.Collect$$libinit$$00000023)
    .ARM.Collect$$libinit$$00000025          0x0000015a   Section        0  libinit2.o(.ARM.Collect$$libinit$$00000025)
    .ARM.Collect$$libinit$$0000002C          0x0000015a   Section        0  libinit2.o(.ARM.Collect$$libinit$$0000002C)
    .ARM.Collect$$libinit$$0000002E          0x0000015a   Section        0  libinit2.o(.ARM.Collect$$libinit$$0000002E)
    .ARM.Collect$$libinit$$00000030          0x0000015a   Section        0  libinit2.o(.ARM.Collect$$libinit$$00000030)
    .ARM.Collect$$libinit$$00000032          0x0000015a   Section        0  libinit2.o(.ARM.Collect$$libinit$$00000032)
    .ARM.Collect$$libinit$$00000033          0x0000015a   Section        2  libinit2.o(.ARM.Collect$$libinit$$00000033)
    .ARM.Collect$$libshutdown$$00000000      0x0000015c   Section        2  libshutdown.o(.ARM.Collect$$libshutdown$$00000000)
    .ARM.Collect$$libshutdown$$00000002      0x0000015e   Section        0  libshutdown2.o(.ARM.Collect$$libshutdown$$00000002)
    .ARM.Collect$$libshutdown$$00000004      0x0000015e   Section        0  libshutdown2.o(.ARM.Collect$$libshutdown$$00000004)
    .ARM.Collect$$libshutdown$$00000007      0x0000015e   Section        0  libshutdown2.o(.ARM.Collect$$libshutdown$$00000007)
    .ARM.Collect$$libshutdown$$0000000A      0x0000015e   Section        0  libshutdown2.o(.ARM.Collect$$libshutdown$$0000000A)
    .ARM.Collect$$libshutdown$$0000000C      0x0000015e   Section        0  libshutdown2.o(.ARM.Collect$$libshutdown$$0000000C)
    .ARM.Collect$$libshutdown$$0000000F      0x0000015e   Section        0  libshutdown2.o(.ARM.Collect$$libshutdown$$0000000F)
    .ARM.Collect$$libshutdown$$00000010      0x0000015e   Section        2  libshutdown2.o(.ARM.Collect$$libshutdown$$00000010)
    .ARM.Collect$$rtentry$$00000000          0x00000160   Section        0  __rtentry.o(.ARM.Collect$$rtentry$$00000000)
    .ARM.Collect$$rtentry$$00000002          0x00000160   Section        0  __rtentry2.o(.ARM.Collect$$rtentry$$00000002)
    .ARM.Collect$$rtentry$$00000004          0x00000160   Section        6  __rtentry4.o(.ARM.Collect$$rtentry$$00000004)
    .ARM.Collect$$rtentry$$00000009          0x00000166   Section        0  __rtentry2.o(.ARM.Collect$$rtentry$$00000009)
    .ARM.Collect$$rtentry$$0000000A          0x00000166   Section        4  __rtentry2.o(.ARM.Collect$$rtentry$$0000000A)
    .ARM.Collect$$rtentry$$0000000C          0x0000016a   Section        0  __rtentry2.o(.ARM.Collect$$rtentry$$0000000C)
    .ARM.Collect$$rtentry$$0000000D          0x0000016a   Section        8  __rtentry2.o(.ARM.Collect$$rtentry$$0000000D)
    .ARM.Collect$$rtexit$$00000000           0x00000172   Section        2  rtexit.o(.ARM.Collect$$rtexit$$00000000)
    .ARM.Collect$$rtexit$$00000002           0x00000174   Section        0  rtexit2.o(.ARM.Collect$$rtexit$$00000002)
    .ARM.Collect$$rtexit$$00000003           0x00000174   Section        4  rtexit2.o(.ARM.Collect$$rtexit$$00000003)
    .ARM.Collect$$rtexit$$00000004           0x00000178   Section        6  rtexit2.o(.ARM.Collect$$rtexit$$00000004)
    .text                                    0x00000180   Section       52  startup_lpc177x_8x.o(.text)
    .text                                    0x000001b4   Section        0  heapauxi.o(.text)
    .text                                    0x000001bc   Section        8  libspace.o(.text)
    .text                                    0x000001c4   Section        2  use_no_semi.o(.text)
    .text                                    0x000001c6   Section       74  sys_stackheap_outer.o(.text)
    .text                                    0x000001c6   Section        0  indicate_semi.o(.text)
    .text                                    0x00000210   Section        0  exit.o(.text)
    .text                                    0x00000224   Section        0  sys_exit.o(.text)
    i.SSP0_IRQHandler                        0x00000230   Section        0  ssp.o(i.SSP0_IRQHandler)
    i.SSP1_IRQHandler                        0x00000284   Section        0  ssp.o(i.SSP1_IRQHandler)
    i.SSP2_IRQHandler                        0x000002d8   Section        0  ssp.o(i.SSP2_IRQHandler)
    i.SystemInit                             0x0000032c   Section        0  system_lpc177x_8x.o(i.SystemInit)
    i.delay_init                             0x000003fc   Section        0  delay.o(i.delay_init)
    i.main                                   0x00000444   Section        0  main.o(i.main)
    .ARM.__at_0x62FC                         0x000062fc   Section        4  startup_lpc177x_8x.o(.ARM.__at_0x62FC)
    .data                                    0x10000000   Section        8  delay.o(.data)
    fac_ms                                   0x10000000   Data           4  delay.o(.data)
    fac_us                                   0x10000004   Data           4  delay.o(.data)
    .data                                    0x10000008   Section       36  ssp.o(.data)
    .data                                    0x1000002c   Section       16  system_lpc177x_8x.o(.data)
    .bss                                     0x1000003c   Section       96  libspace.o(.bss)
    HEAP                                     0x100000a0   Section        0  startup_lpc177x_8x.o(HEAP)
    STACK                                    0x100000a0   Section      512  startup_lpc177x_8x.o(STACK)
    Heap_Mem                                 0x100000a0   Data           0  startup_lpc177x_8x.o(HEAP)
    Stack_Mem                                0x100000a0   Data         512  startup_lpc177x_8x.o(STACK)
    __initial_sp                             0x100002a0   Data           0  startup_lpc177x_8x.o(STACK)

    Global Symbols

    Symbol Name                              Value     Ov Type        Size  Object(Section)

    BuildAttributes$$THM_ISAv4$P$D$K$B$S$PE$A:L22UL41UL21$X:L11$S22US41US21$IEEE1$IW$USESV6$~STKCKD$USESV7$~SHL$OTIME$ROPI$EBA8$UX$STANDARDLIB$REQ8$PRES8$EABIv2 0x00000000   Number         0  anon$$obj.o ABSOLUTE
    __ARM_use_no_argv                        0x00000000   Number         0  main.o ABSOLUTE
    __Vectors                                0x00000000   Data           4  startup_lpc177x_8x.o(RESET)
    __ARM_exceptions_init                     - Undefined Weak Reference
    __alloca_initialize                       - Undefined Weak Reference
    __arm_preinit_                            - Undefined Weak Reference
    __cpp_initialize__aeabi_                  - Undefined Weak Reference
    __cxa_finalize                            - Undefined Weak Reference
    __rt_locale                               - Undefined Weak Reference
    __sigvec_lookup                           - Undefined Weak Reference
    __user_heap_extent                        - Undefined Weak Reference
    _atexit_init                              - Undefined Weak Reference
    _call_atexit_fns                          - Undefined Weak Reference
    _clock_init                               - Undefined Weak Reference
    _fp_trap_init                             - Undefined Weak Reference
    _fp_trap_shutdown                         - Undefined Weak Reference
    _get_lc_collate                           - Undefined Weak Reference
    _get_lc_ctype                             - Undefined Weak Reference
    _get_lc_monetary                          - Undefined Weak Reference
    _get_lc_numeric                           - Undefined Weak Reference
    _get_lc_time                              - Undefined Weak Reference
    _getenv_init                              - Undefined Weak Reference
    _handle_redirection                       - Undefined Weak Reference
    _initio                                   - Undefined Weak Reference
    _mutex_acquire                            - Undefined Weak Reference
    _mutex_free                               - Undefined Weak Reference
    _mutex_release                            - Undefined Weak Reference
    _rand_init                                - Undefined Weak Reference
    _signal_finish                            - Undefined Weak Reference
    _signal_init                              - Undefined Weak Reference
    _terminateio                              - Undefined Weak Reference
    __main                                   0x000000e5   Thumb Code     8  __main.o(!!!main)
    __scatterload                            0x000000ed   Thumb Code     0  __scatter.o(!!!scatter)
    __scatterload_rt2                        0x000000ed   Thumb Code    44  __scatter.o(!!!scatter)
    __scatterload_rt2_thumb_only             0x000000ed   Thumb Code     0  __scatter.o(!!!scatter)
    __scatterload_null                       0x000000fb   Thumb Code     0  __scatter.o(!!!scatter)
    __scatterload_copy                       0x00000121   Thumb Code    26  __scatter_copy.o(!!handler_copy)
    __scatterload_zeroinit                   0x0000013d   Thumb Code    28  __scatter_zi.o(!!handler_zi)
    __rt_lib_init                            0x00000159   Thumb Code     0  libinit.o(.ARM.Collect$$libinit$$00000000)
    __rt_lib_init_alloca_1                   0x0000015b   Thumb Code     0  libinit2.o(.ARM.Collect$$libinit$$0000002E)
    __rt_lib_init_argv_1                     0x0000015b   Thumb Code     0  libinit2.o(.ARM.Collect$$libinit$$0000002C)
    __rt_lib_init_atexit_1                   0x0000015b   Thumb Code     0  libinit2.o(.ARM.Collect$$libinit$$0000001B)
    __rt_lib_init_clock_1                    0x0000015b   Thumb Code     0  libinit2.o(.ARM.Collect$$libinit$$00000021)
    __rt_lib_init_cpp_1                      0x0000015b   Thumb Code     0  libinit2.o(.ARM.Collect$$libinit$$00000032)
    __rt_lib_init_exceptions_1               0x0000015b   Thumb Code     0  libinit2.o(.ARM.Collect$$libinit$$00000030)
    __rt_lib_init_fp_1                       0x0000015b   Thumb Code     0  libinit2.o(.ARM.Collect$$libinit$$00000002)
    __rt_lib_init_fp_trap_1                  0x0000015b   Thumb Code     0  libinit2.o(.ARM.Collect$$libinit$$0000001F)
    __rt_lib_init_getenv_1                   0x0000015b   Thumb Code     0  libinit2.o(.ARM.Collect$$libinit$$00000023)
    __rt_lib_init_heap_1                     0x0000015b   Thumb Code     0  libinit2.o(.ARM.Collect$$libinit$$0000000A)
    __rt_lib_init_lc_collate_1               0x0000015b   Thumb Code     0  libinit2.o(.ARM.Collect$$libinit$$00000011)
    __rt_lib_init_lc_ctype_1                 0x0000015b   Thumb Code     0  libinit2.o(.ARM.Collect$$libinit$$00000013)
    __rt_lib_init_lc_monetary_1              0x0000015b   Thumb Code     0  libinit2.o(.ARM.Collect$$libinit$$00000015)
    __rt_lib_init_lc_numeric_1               0x0000015b   Thumb Code     0  libinit2.o(.ARM.Collect$$libinit$$00000017)
    __rt_lib_init_lc_time_1                  0x0000015b   Thumb Code     0  libinit2.o(.ARM.Collect$$libinit$$00000019)
    __rt_lib_init_preinit_1                  0x0000015b   Thumb Code     0  libinit2.o(.ARM.Collect$$libinit$$00000004)
    __rt_lib_init_rand_1                     0x0000015b   Thumb Code     0  libinit2.o(.ARM.Collect$$libinit$$0000000E)
    __rt_lib_init_return                     0x0000015b   Thumb Code     0  libinit2.o(.ARM.Collect$$libinit$$00000033)
    __rt_lib_init_signal_1                   0x0000015b   Thumb Code     0  libinit2.o(.ARM.Collect$$libinit$$0000001D)
    __rt_lib_init_stdio_1                    0x0000015b   Thumb Code     0  libinit2.o(.ARM.Collect$$libinit$$00000025)
    __rt_lib_init_user_alloc_1               0x0000015b   Thumb Code     0  libinit2.o(.ARM.Collect$$libinit$$0000000C)
    __rt_lib_shutdown                        0x0000015d   Thumb Code     0  libshutdown.o(.ARM.Collect$$libshutdown$$00000000)
    __rt_lib_shutdown_cpp_1                  0x0000015f   Thumb Code     0  libshutdown2.o(.ARM.Collect$$libshutdown$$00000002)
    __rt_lib_shutdown_fp_trap_1              0x0000015f   Thumb Code     0  libshutdown2.o(.ARM.Collect$$libshutdown$$00000007)
    __rt_lib_shutdown_heap_1                 0x0000015f   Thumb Code     0  libshutdown2.o(.ARM.Collect$$libshutdown$$0000000F)
    __rt_lib_shutdown_return                 0x0000015f   Thumb Code     0  libshutdown2.o(.ARM.Collect$$libshutdown$$00000010)
    __rt_lib_shutdown_signal_1               0x0000015f   Thumb Code     0  libshutdown2.o(.ARM.Collect$$libshutdown$$0000000A)
    __rt_lib_shutdown_stdio_1                0x0000015f   Thumb Code     0  libshutdown2.o(.ARM.Collect$$libshutdown$$00000004)
    __rt_lib_shutdown_user_alloc_1           0x0000015f   Thumb Code     0  libshutdown2.o(.ARM.Collect$$libshutdown$$0000000C)
    __rt_entry                               0x00000161   Thumb Code     0  __rtentry.o(.ARM.Collect$$rtentry$$00000000)
    __rt_entry_presh_1                       0x00000161   Thumb Code     0  __rtentry2.o(.ARM.Collect$$rtentry$$00000002)
    __rt_entry_sh                            0x00000161   Thumb Code     0  __rtentry4.o(.ARM.Collect$$rtentry$$00000004)
    __rt_entry_li                            0x00000167   Thumb Code     0  __rtentry2.o(.ARM.Collect$$rtentry$$0000000A)
    __rt_entry_postsh_1                      0x00000167   Thumb Code     0  __rtentry2.o(.ARM.Collect$$rtentry$$00000009)
    __rt_entry_main                          0x0000016b   Thumb Code     0  __rtentry2.o(.ARM.Collect$$rtentry$$0000000D)
    __rt_entry_postli_1                      0x0000016b   Thumb Code     0  __rtentry2.o(.ARM.Collect$$rtentry$$0000000C)
    __rt_exit                                0x00000173   Thumb Code     0  rtexit.o(.ARM.Collect$$rtexit$$00000000)
    __rt_exit_ls                             0x00000175   Thumb Code     0  rtexit2.o(.ARM.Collect$$rtexit$$00000003)
    __rt_exit_prels_1                        0x00000175   Thumb Code     0  rtexit2.o(.ARM.Collect$$rtexit$$00000002)
    __rt_exit_exit                           0x00000179   Thumb Code     0  rtexit2.o(.ARM.Collect$$rtexit$$00000004)
    Reset_Handler                            0x00000181   Thumb Code     4  startup_lpc177x_8x.o(.text)
    NMI_Handler                              0x00000185   Thumb Code     2  startup_lpc177x_8x.o(.text)
    HardFault_Handler                        0x00000187   Thumb Code     2  startup_lpc177x_8x.o(.text)
    MemManage_Handler                        0x00000189   Thumb Code     2  startup_lpc177x_8x.o(.text)
    BusFault_Handler                         0x0000018b   Thumb Code     2  startup_lpc177x_8x.o(.text)
    UsageFault_Handler                       0x0000018d   Thumb Code     2  startup_lpc177x_8x.o(.text)
    SVC_Handler                              0x0000018f   Thumb Code     2  startup_lpc177x_8x.o(.text)
    DebugMon_Handler                         0x00000191   Thumb Code     2  startup_lpc177x_8x.o(.text)
    PendSV_Handler                           0x00000193   Thumb Code     2  startup_lpc177x_8x.o(.text)
    SysTick_Handler                          0x00000195   Thumb Code     2  startup_lpc177x_8x.o(.text)
    ADC_IRQHandler                           0x00000197   Thumb Code     0  startup_lpc177x_8x.o(.text)
    BOD_IRQHandler                           0x00000197   Thumb Code     0  startup_lpc177x_8x.o(.text)
    CANActivity_IRQHandler                   0x00000197   Thumb Code     0  startup_lpc177x_8x.o(.text)
    CAN_IRQHandler                           0x00000197   Thumb Code     0  startup_lpc177x_8x.o(.text)
    DMA_IRQHandler                           0x00000197   Thumb Code     0  startup_lpc177x_8x.o(.text)
    EINT0_IRQHandler                         0x00000197   Thumb Code     0  startup_lpc177x_8x.o(.text)
    EINT1_IRQHandler                         0x00000197   Thumb Code     0  startup_lpc177x_8x.o(.text)
    EINT2_IRQHandler                         0x00000197   Thumb Code     0  startup_lpc177x_8x.o(.text)
    EINT3_IRQHandler                         0x00000197   Thumb Code     0  startup_lpc177x_8x.o(.text)
    ENET_IRQHandler                          0x00000197   Thumb Code     0  startup_lpc177x_8x.o(.text)
    GPIO_IRQHandler                          0x00000197   Thumb Code     0  startup_lpc177x_8x.o(.text)
    I2C0_IRQHandler                          0x00000197   Thumb Code     0  startup_lpc177x_8x.o(.text)
    I2C1_IRQHandler                          0x00000197   Thumb Code     0  startup_lpc177x_8x.o(.text)
    I2C2_IRQHandler                          0x00000197   Thumb Code     0  startup_lpc177x_8x.o(.text)
    I2S_IRQHandler                           0x00000197   Thumb Code     0  startup_lpc177x_8x.o(.text)
    KFLASH_IRQHandler                        0x00000197   Thumb Code     0  startup_lpc177x_8x.o(.text)
    LCD_IRQHandler                           0x00000197   Thumb Code     0  startup_lpc177x_8x.o(.text)
    MCI_IRQHandler                           0x00000197   Thumb Code     0  startup_lpc177x_8x.o(.text)
    MCPWM_IRQHandler                         0x00000197   Thumb Code     0  startup_lpc177x_8x.o(.text)
    PLL0_IRQHandler                          0x00000197   Thumb Code     0  startup_lpc177x_8x.o(.text)
    PLL1_IRQHandler                          0x00000197   Thumb Code     0  startup_lpc177x_8x.o(.text)
    PWM0_IRQHandler                          0x00000197   Thumb Code     0  startup_lpc177x_8x.o(.text)
    PWM1_IRQHandler                          0x00000197   Thumb Code     0  startup_lpc177x_8x.o(.text)
    QEI_IRQHandler                           0x00000197   Thumb Code     0  startup_lpc177x_8x.o(.text)
    RTC_IRQHandler                           0x00000197   Thumb Code     0  startup_lpc177x_8x.o(.text)
    SPIFI_IRQHandler                         0x00000197   Thumb Code     0  startup_lpc177x_8x.o(.text)
    TIMER0_IRQHandler                        0x00000197   Thumb Code     0  startup_lpc177x_8x.o(.text)
    TIMER1_IRQHandler                        0x00000197   Thumb Code     0  startup_lpc177x_8x.o(.text)
    TIMER2_IRQHandler                        0x00000197   Thumb Code     0  startup_lpc177x_8x.o(.text)
    TIMER3_IRQHandler                        0x00000197   Thumb Code     0  startup_lpc177x_8x.o(.text)
    UART0_IRQHandler                         0x00000197   Thumb Code     0  startup_lpc177x_8x.o(.text)
    UART1_IRQHandler                         0x00000197   Thumb Code     0  startup_lpc177x_8x.o(.text)
    UART2_IRQHandler                         0x00000197   Thumb Code     0  startup_lpc177x_8x.o(.text)
    UART3_IRQHandler                         0x00000197   Thumb Code     0  startup_lpc177x_8x.o(.text)
    UART4_IRQHandler                         0x00000197   Thumb Code     0  startup_lpc177x_8x.o(.text)
    USBActivity_IRQHandler                   0x00000197   Thumb Code     0  startup_lpc177x_8x.o(.text)
    USB_IRQHandler                           0x00000197   Thumb Code     0  startup_lpc177x_8x.o(.text)
    WDT_IRQHandler                           0x00000197   Thumb Code     0  startup_lpc177x_8x.o(.text)
    __user_initial_stackheap                 0x00000199   Thumb Code     0  startup_lpc177x_8x.o(.text)
    __use_two_region_memory                  0x000001b5   Thumb Code     2  heapauxi.o(.text)
    __rt_heap_escrow                         0x000001b7   Thumb Code     2  heapauxi.o(.text)
    __rt_heap_expand                         0x000001b9   Thumb Code     2  heapauxi.o(.text)
    __user_libspace                          0x000001bd   Thumb Code     8  libspace.o(.text)
    __user_perproc_libspace                  0x000001bd   Thumb Code     0  libspace.o(.text)
    __user_perthread_libspace                0x000001bd   Thumb Code     0  libspace.o(.text)
    __I$use$semihosting                      0x000001c5   Thumb Code     0  use_no_semi.o(.text)
    __use_no_semihosting_swi                 0x000001c5   Thumb Code     2  use_no_semi.o(.text)
    __semihosting_library_function           0x000001c7   Thumb Code     0  indicate_semi.o(.text)
    __user_setup_stackheap                   0x000001c7   Thumb Code    74  sys_stackheap_outer.o(.text)
    exit                                     0x00000211   Thumb Code    18  exit.o(.text)
    _sys_exit                                0x00000225   Thumb Code     8  sys_exit.o(.text)
    SSP0_IRQHandler                          0x00000231   Thumb Code    66  ssp.o(i.SSP0_IRQHandler)
    SSP1_IRQHandler                          0x00000285   Thumb Code    66  ssp.o(i.SSP1_IRQHandler)
    SSP2_IRQHandler                          0x000002d9   Thumb Code    66  ssp.o(i.SSP2_IRQHandler)
    SystemInit                               0x0000032d   Thumb Code   190  system_lpc177x_8x.o(i.SystemInit)
    delay_init                               0x000003fd   Thumb Code    54  delay.o(i.delay_init)
    main                                     0x00000445   Thumb Code    46  main.o(i.main)
    Region$$Table$$Base                      0x0000047c   Number         0  anon$$obj.o(Region$$Table)
    Region$$Table$$Limit                     0x0000049c   Number         0  anon$$obj.o(Region$$Table)
    interrupt0RxStat                         0x10000008   Data           4  ssp.o(.data)
    interrupt0OverRunStat                    0x1000000c   Data           4  ssp.o(.data)
    interrupt0RxTimeoutStat                  0x10000010   Data           4  ssp.o(.data)
    interrupt1RxStat                         0x10000014   Data           4  ssp.o(.data)
    interrupt1OverRunStat                    0x10000018   Data           4  ssp.o(.data)
    interrupt1RxTimeoutStat                  0x1000001c   Data           4  ssp.o(.data)
    interrupt2RxStat                         0x10000020   Data           4  ssp.o(.data)
    interrupt2OverRunStat                    0x10000024   Data           4  ssp.o(.data)
    interrupt2RxTimeoutStat                  0x10000028   Data           4  ssp.o(.data)
    SystemCoreClock                          0x1000002c   Data           4  system_lpc177x_8x.o(.data)
    PeripheralClock                          0x10000030   Data           4  system_lpc177x_8x.o(.data)
    EMCClock                                 0x10000034   Data           4  system_lpc177x_8x.o(.data)
    USBClock                                 0x10000038   Data           4  system_lpc177x_8x.o(.data)
    __libspace_start                         0x1000003c   Data          96  libspace.o(.bss)
    __temporary_stack_top$libspace           0x1000009c   Data           0  libspace.o(.bss)



==============================================================================

Memory Map of the image

  Image Entry point : 0x000000e5

  Load Region LR_IROM1 (Base: 0x00000000, Size: 0x0000633c, Max: 0x00080000, ABSOLUTE)

    Execution Region ER_IROM1 (Base: 0x00000000, Size: 0x00006300, Max: 0x00080000, ABSOLUTE)

    Base Addr    Size         Type   Attr      Idx    E Section Name        Object

    0x00000000   0x000000e4   Data   RO          719    RESET               startup_lpc177x_8x.o
    0x000000e4   0x00000008   Code   RO          793  * !!!main             c_w.l(__main.o)
    0x000000ec   0x00000034   Code   RO          996    !!!scatter          c_w.l(__scatter.o)
    0x00000120   0x0000001a   Code   RO          998    !!handler_copy      c_w.l(__scatter_copy.o)
    0x0000013a   0x00000002   PAD
    0x0000013c   0x0000001c   Code   RO         1000    !!handler_zi        c_w.l(__scatter_zi.o)
    0x00000158   0x00000002   Code   RO          935    .ARM.Collect$$libinit$$00000000  c_w.l(libinit.o)
    0x0000015a   0x00000000   Code   RO          828    .ARM.Collect$$libinit$$00000002  c_w.l(libinit2.o)
    0x0000015a   0x00000000   Code   RO          830    .ARM.Collect$$libinit$$00000004  c_w.l(libinit2.o)
    0x0000015a   0x00000000   Code   RO          833    .ARM.Collect$$libinit$$0000000A  c_w.l(libinit2.o)
    0x0000015a   0x00000000   Code   RO          835    .ARM.Collect$$libinit$$0000000C  c_w.l(libinit2.o)
    0x0000015a   0x00000000   Code   RO          837    .ARM.Collect$$libinit$$0000000E  c_w.l(libinit2.o)
    0x0000015a   0x00000000   Code   RO          840    .ARM.Collect$$libinit$$00000011  c_w.l(libinit2.o)
    0x0000015a   0x00000000   Code   RO          842    .ARM.Collect$$libinit$$00000013  c_w.l(libinit2.o)
    0x0000015a   0x00000000   Code   RO          844    .ARM.Collect$$libinit$$00000015  c_w.l(libinit2.o)
    0x0000015a   0x00000000   Code   RO          846    .ARM.Collect$$libinit$$00000017  c_w.l(libinit2.o)
    0x0000015a   0x00000000   Code   RO          848    .ARM.Collect$$libinit$$00000019  c_w.l(libinit2.o)
    0x0000015a   0x00000000   Code   RO          850    .ARM.Collect$$libinit$$0000001B  c_w.l(libinit2.o)
    0x0000015a   0x00000000   Code   RO          852    .ARM.Collect$$libinit$$0000001D  c_w.l(libinit2.o)
    0x0000015a   0x00000000   Code   RO          854    .ARM.Collect$$libinit$$0000001F  c_w.l(libinit2.o)
    0x0000015a   0x00000000   Code   RO          856    .ARM.Collect$$libinit$$00000021  c_w.l(libinit2.o)
    0x0000015a   0x00000000   Code   RO          858    .ARM.Collect$$libinit$$00000023  c_w.l(libinit2.o)
    0x0000015a   0x00000000   Code   RO          860    .ARM.Collect$$libinit$$00000025  c_w.l(libinit2.o)
    0x0000015a   0x00000000   Code   RO          864    .ARM.Collect$$libinit$$0000002C  c_w.l(libinit2.o)
    0x0000015a   0x00000000   Code   RO          866    .ARM.Collect$$libinit$$0000002E  c_w.l(libinit2.o)
    0x0000015a   0x00000000   Code   RO          868    .ARM.Collect$$libinit$$00000030  c_w.l(libinit2.o)
    0x0000015a   0x00000000   Code   RO          870    .ARM.Collect$$libinit$$00000032  c_w.l(libinit2.o)
    0x0000015a   0x00000002   Code   RO          871    .ARM.Collect$$libinit$$00000033  c_w.l(libinit2.o)
    0x0000015c   0x00000002   Code   RO          993    .ARM.Collect$$libshutdown$$00000000  c_w.l(libshutdown.o)
    0x0000015e   0x00000000   Code   RO          949    .ARM.Collect$$libshutdown$$00000002  c_w.l(libshutdown2.o)
    0x0000015e   0x00000000   Code   RO          951    .ARM.Collect$$libshutdown$$00000004  c_w.l(libshutdown2.o)
    0x0000015e   0x00000000   Code   RO          954    .ARM.Collect$$libshutdown$$00000007  c_w.l(libshutdown2.o)
    0x0000015e   0x00000000   Code   RO          957    .ARM.Collect$$libshutdown$$0000000A  c_w.l(libshutdown2.o)
    0x0000015e   0x00000000   Code   RO          959    .ARM.Collect$$libshutdown$$0000000C  c_w.l(libshutdown2.o)
    0x0000015e   0x00000000   Code   RO          962    .ARM.Collect$$libshutdown$$0000000F  c_w.l(libshutdown2.o)
    0x0000015e   0x00000002   Code   RO          963    .ARM.Collect$$libshutdown$$00000010  c_w.l(libshutdown2.o)
    0x00000160   0x00000000   Code   RO          797    .ARM.Collect$$rtentry$$00000000  c_w.l(__rtentry.o)
    0x00000160   0x00000000   Code   RO          878    .ARM.Collect$$rtentry$$00000002  c_w.l(__rtentry2.o)
    0x00000160   0x00000006   Code   RO          890    .ARM.Collect$$rtentry$$00000004  c_w.l(__rtentry4.o)
    0x00000166   0x00000000   Code   RO          880    .ARM.Collect$$rtentry$$00000009  c_w.l(__rtentry2.o)
    0x00000166   0x00000004   Code   RO          881    .ARM.Collect$$rtentry$$0000000A  c_w.l(__rtentry2.o)
    0x0000016a   0x00000000   Code   RO          883    .ARM.Collect$$rtentry$$0000000C  c_w.l(__rtentry2.o)
    0x0000016a   0x00000008   Code   RO          884    .ARM.Collect$$rtentry$$0000000D  c_w.l(__rtentry2.o)
    0x00000172   0x00000002   Code   RO          938    .ARM.Collect$$rtexit$$00000000  c_w.l(rtexit.o)
    0x00000174   0x00000000   Code   RO          967    .ARM.Collect$$rtexit$$00000002  c_w.l(rtexit2.o)
    0x00000174   0x00000004   Code   RO          968    .ARM.Collect$$rtexit$$00000003  c_w.l(rtexit2.o)
    0x00000178   0x00000006   Code   RO          969    .ARM.Collect$$rtexit$$00000004  c_w.l(rtexit2.o)
    0x0000017e   0x00000002   PAD
    0x00000180   0x00000034   Code   RO          721    .text               startup_lpc177x_8x.o
    0x000001b4   0x00000006   Code   RO          791    .text               c_w.l(heapauxi.o)
    0x000001ba   0x00000002   PAD
    0x000001bc   0x00000008   Code   RO          874    .text               c_w.l(libspace.o)
    0x000001c4   0x00000002   Code   RO          911    .text               c_w.l(use_no_semi.o)
    0x000001c6   0x00000000   Code   RO          913    .text               c_w.l(indicate_semi.o)
    0x000001c6   0x0000004a   Code   RO          914    .text               c_w.l(sys_stackheap_outer.o)
    0x00000210   0x00000012   Code   RO          920    .text               c_w.l(exit.o)
    0x00000222   0x00000002   PAD
    0x00000224   0x0000000c   Code   RO          936    .text               c_w.l(sys_exit.o)
    0x00000230   0x00000054   Code   RO          604    i.SSP0_IRQHandler   ssp.o
    0x00000284   0x00000054   Code   RO          606    i.SSP1_IRQHandler   ssp.o
    0x000002d8   0x00000054   Code   RO          608    i.SSP2_IRQHandler   ssp.o
    0x0000032c   0x000000d0   Code   RO          691    i.SystemInit        system_lpc177x_8x.o
    0x000003fc   0x00000048   Code   RO           93    i.delay_init        delay.o
    0x00000444   0x00000038   Code   RO            2    i.main              main.o
    0x0000047c   0x00000020   Data   RO          994    Region$$Table       anon$$obj.o
    0x0000049c   0x00005e60   PAD
    0x000062fc   0x00000004   Code   RO          720    .ARM.__at_0x62FC    startup_lpc177x_8x.o


    Execution Region RW_IRAM1 (Base: 0x10000000, Size: 0x000002a0, Max: 0x00010000, ABSOLUTE)

    Base Addr    Size         Type   Attr      Idx    E Section Name        Object

    0x10000000   0x00000008   Data   RW           96    .data               delay.o
    0x10000008   0x00000024   Data   RW          613    .data               ssp.o
    0x1000002c   0x00000010   Data   RW          692    .data               system_lpc177x_8x.o
    0x1000003c   0x00000060   Zero   RW          875    .bss                c_w.l(libspace.o)
    0x1000009c   0x00000004   PAD
    0x100000a0   0x00000000   Zero   RW          718    HEAP                startup_lpc177x_8x.o
    0x100000a0   0x00000200   Zero   RW          717    STACK               startup_lpc177x_8x.o


    Execution Region RW_IRAM2 (Base: 0x20000000, Size: 0x00000000, Max: 0x00008000, ABSOLUTE)

    **** No section assigned to this execution region ****


==============================================================================

Image component sizes


      Code (inc. data)   RO Data    RW Data    ZI Data      Debug   Object Name

        72         18          0          8          0        641   delay.o
        56         10          0          0          0       4975   main.o
       252         54          0         36          0       2649   ssp.o
        56         22        228          0        512        996   startup_lpc177x_8x.o
       208         18          0         16          0        977   system_lpc177x_8x.o

    ----------------------------------------------------------------------
       644        122      24420         60        512      10238   Object Totals
         0          0         32          0          0          0   (incl. Generated)
         0          0      24160          0          0          0   (incl. Padding)

    ----------------------------------------------------------------------

      Code (inc. data)   RO Data    RW Data    ZI Data      Debug   Library Member Name

         8          0          0          0          0         68   __main.o
         0          0          0          0          0          0   __rtentry.o
        12          0          0          0          0          0   __rtentry2.o
         6          0          0          0          0          0   __rtentry4.o
        52          8          0          0          0          0   __scatter.o
        26          0          0          0          0          0   __scatter_copy.o
        28          0          0          0          0          0   __scatter_zi.o
        18          0          0          0          0         80   exit.o
         6          0          0          0          0        152   heapauxi.o
         0          0          0          0          0          0   indicate_semi.o
         2          0          0          0          0          0   libinit.o
         2          0          0          0          0          0   libinit2.o
         2          0          0          0          0          0   libshutdown.o
         2          0          0          0          0          0   libshutdown2.o
         8          4          0          0         96         68   libspace.o
         2          0          0          0          0          0   rtexit.o
        10          0          0          0          0          0   rtexit2.o
        12          4          0          0          0         68   sys_exit.o
        74          0          0          0          0         80   sys_stackheap_outer.o
         2          0          0          0          0         68   use_no_semi.o

    ----------------------------------------------------------------------
       280         16          0          0        100        584   Library Totals
         8          0          0          0          4          0   (incl. Padding)

    ----------------------------------------------------------------------

      Code (inc. data)   RO Data    RW Data    ZI Data      Debug   Library Name

       272         16          0          0         96        584   c_w.l

    ----------------------------------------------------------------------
       280         16          0          0        100        584   Library Totals

    ----------------------------------------------------------------------

==============================================================================


      Code (inc. data)   RO Data    RW Data    ZI Data      Debug   

       924        138      24420         60        612      10506   Grand Totals
       924        138      24420         60        612      10506   ELF Image Totals
       924        138      24420         60          0          0   ROM Totals

==============================================================================

    Total RO  Size (Code + RO Data)                25344 (  24.75kB)
    Total RW  Size (RW Data + ZI Data)               672 (   0.66kB)
    Total ROM Size (Code + RO Data + RW Data)      25404 (  24.81kB)

==============================================================================

